Archive member included because of file (symbol)

c:/program files (x86)/gnu tools arm embedded/4.6 2012q4/bin/../lib/gcc/arm-none-eabi/4.6.2/armv7-m\libgcc.a(_arm_addsubdf3.o)
                              ..\obj\printf.o (__aeabi_dsub)
c:/program files (x86)/gnu tools arm embedded/4.6 2012q4/bin/../lib/gcc/arm-none-eabi/4.6.2/armv7-m\libgcc.a(_arm_muldivdf3.o)
                              ..\obj\printf.o (__aeabi_dmul)
c:/program files (x86)/gnu tools arm embedded/4.6 2012q4/bin/../lib/gcc/arm-none-eabi/4.6.2/armv7-m\libgcc.a(_arm_fixdfsi.o)
                              ..\obj\printf.o (__aeabi_d2iz)
c:/program files (x86)/gnu tools arm embedded/4.6 2012q4/bin/../lib/gcc/arm-none-eabi/4.6.2/armv7-m\libgcc.a(_arm_addsubsf3.o)
                              ..\obj\mpwm.o (__aeabi_ui2f)
c:/program files (x86)/gnu tools arm embedded/4.6 2012q4/bin/../lib/gcc/arm-none-eabi/4.6.2/armv7-m\libgcc.a(_arm_muldivsf3.o)
                              ..\obj\mpwm.o (__aeabi_fmul)
c:/program files (x86)/gnu tools arm embedded/4.6 2012q4/bin/../lib/gcc/arm-none-eabi/4.6.2/armv7-m\libgcc.a(_arm_cmpsf2.o)
                              ..\obj\mpwm.o (__aeabi_fcmpgt)
c:/program files (x86)/gnu tools arm embedded/4.6 2012q4/bin/../lib/gcc/arm-none-eabi/4.6.2/armv7-m\libgcc.a(_arm_fixunssfsi.o)
                              ..\obj\mpwm.o (__aeabi_f2uiz)
C:\Program Files (x86)\GNU Tools ARM Embedded\4.6 2012q4\arm-none-eabi\lib\armv7-m\libg.a(lib_a-memcpy.o)
                              ..\obj\motorBldc.o (memcpy)

Allocating common symbols
Common symbol       size              file

SaveRState          0x2               ..\obj\usb_int.o
BLDC_motor          0xe               ..\obj\motorBldc.o
HSEStartUpStatus    0x1               ..\obj\hw_config.o
SaveState           0x2               ..\obj\usb_init.o
f                   0x8               ..\obj\main.o
rcPwm               0xc               ..\obj\rcPwm.o
BLDC_command        0x4               ..\obj\motorBldc.o
wIstr               0x2               ..\obj\usb_istr.o
pProperty           0x4               ..\obj\usb_init.o
EPindex             0x1               ..\obj\usb_init.o
USB_RX_BytesWritten
                    0x4               ..\obj\usb_endp.o
SaveTState          0x2               ..\obj\usb_int.o
MPWM_motorPhase     0x3               ..\obj\mpwm.o
Device_Info         0x1c              ..\obj\usb_init.o
pUser_Standard_Requests
                    0x4               ..\obj\usb_init.o
adc                 0x8               ..\obj\adc.o
USB_RX_Buffer       0x100             ..\obj\usb_endp.o
MSTMR_timer         0x4               ..\obj\milliSecTimer.o
USB_TX_BytesWritten
                    0x4               ..\obj\usb_endp.o
StatusInfo          0x2               ..\obj\usb_core.o
pInformation        0x4               ..\obj\usb_init.o
ResumeS             0x2               ..\obj\usb_pwr.o
USART_InitStructure
                    0x10              ..\obj\hw_config.o
oscillator          0x4               ..\obj\osc.o
USB_TX_BytesRead    0x4               ..\obj\usb_endp.o
motor               0x1               ..\obj\motor.o
USB_TX_Buffer       0x100             ..\obj\usb_endp.o
MDC_command         0x4               ..\obj\motorDc.o
USB_RX_BytesRead    0x4               ..\obj\usb_endp.o
MDC_motor           0xe               ..\obj\motorDc.o
wInterrupt_Mask     0x2               ..\obj\usb_init.o

Discarded input sections

 .text          0x00000000        0x0 ..\obj\stm32f10x_rtc.o
 .data          0x00000000        0x0 ..\obj\stm32f10x_rtc.o
 .bss           0x00000000        0x0 ..\obj\stm32f10x_rtc.o
 .text.RTC_ITConfig
                0x00000000       0x60 ..\obj\stm32f10x_rtc.o
 .text.RTC_EnterConfigMode
                0x00000000       0x28 ..\obj\stm32f10x_rtc.o
 .text.RTC_ExitConfigMode
                0x00000000       0x28 ..\obj\stm32f10x_rtc.o
 .text.RTC_GetCounter
                0x00000000       0x38 ..\obj\stm32f10x_rtc.o
 .text.RTC_SetCounter
                0x00000000       0x38 ..\obj\stm32f10x_rtc.o
 .text.RTC_SetPrescaler
                0x00000000       0x3c ..\obj\stm32f10x_rtc.o
 .text.RTC_SetAlarm
                0x00000000       0x38 ..\obj\stm32f10x_rtc.o
 .text.RTC_GetDivider
                0x00000000       0x44 ..\obj\stm32f10x_rtc.o
 .text.RTC_WaitForLastTask
                0x00000000       0x20 ..\obj\stm32f10x_rtc.o
 .text.RTC_WaitForSynchro
                0x00000000       0x3c ..\obj\stm32f10x_rtc.o
 .text.RTC_GetFlagStatus
                0x00000000       0x44 ..\obj\stm32f10x_rtc.o
 .text.RTC_ClearFlag
                0x00000000       0x38 ..\obj\stm32f10x_rtc.o
 .text.RTC_GetITStatus
                0x00000000       0x60 ..\obj\stm32f10x_rtc.o
 .text.RTC_ClearITPendingBit
                0x00000000       0x38 ..\obj\stm32f10x_rtc.o
 .text          0x00000000        0x0 ..\obj\otgd_fs_pcd.o
 .data          0x00000000        0x0 ..\obj\otgd_fs_pcd.o
 .bss           0x00000000        0x0 ..\obj\otgd_fs_pcd.o
[...]
Memory Configuration

Name             Origin             Length             Attributes
rom              0x08000000         0x00008000         xr
ram              0x20000000         0x00002800         xrw
*default*        0x00000000         0xffffffff

Linker script and memory map

                0x20002800                _eram = 0x20002800

.text           0x08000000     0x4fbc
 *(.isr_vector .isr_vector.*)
 .isr_vector    0x08000000      0x10c ..\obj\startup_stm32f10x_ld.o
                0x08000000                g_pfnVectors
 *(.text .text.* .gnu.linkonce.t.*)
 .text.Standard_GetConfiguration
                0x0800010c       0x4c ..\obj\usb_core.o
                0x0800010c                Standard_GetConfiguration
 .text.Standard_SetConfiguration
                0x08000158       0x74 ..\obj\usb_core.o
                0x08000158                Standard_SetConfiguration
 .text.Standard_GetInterface
                0x080001cc       0x4c ..\obj\usb_core.o
                0x080001cc                Standard_GetInterface
 .text.Standard_SetInterface
                0x08000218       0xc8 ..\obj\usb_core.o
                0x08000218                Standard_SetInterface
 .text.Standard_GetStatus
                0x080002e0      0x1bc ..\obj\usb_core.o
                0x080002e0                Standard_GetStatus
 .text.Standard_ClearFeature
                0x0800049c      0x230 ..\obj\usb_core.o
                0x0800049c                Standard_ClearFeature
 .text.Standard_SetEndPointFeature
                0x080006cc      0x148 ..\obj\usb_core.o
                0x080006cc                Standard_SetEndPointFeature
 .text.Standard_SetDeviceFeature
                0x08000814       0x38 ..\obj\usb_core.o
                0x08000814                Standard_SetDeviceFeature
 .text.Standard_GetDescriptorData
                0x0800084c       0x54 ..\obj\usb_core.o
                0x0800084c                Standard_GetDescriptorData
 .text.DataStageOut
                0x080008a0      0x140 ..\obj\usb_core.o
 .text.DataStageIn
                0x080009e0      0x154 ..\obj\usb_core.o
 .text.NoData_Setup0
                0x08000b34      0x208 ..\obj\usb_core.o
 .text.Data_Setup0
                0x08000d3c      0x488 ..\obj\usb_core.o
 .text.Setup0_Process
                0x080011c4      0x120 ..\obj\usb_core.o
                0x080011c4                Setup0_Process
 .text.In0_Process
                0x080012e4       0xbc ..\obj\usb_core.o
                0x080012e4                In0_Process
 .text.Out0_Process
                0x080013a0       0x8c ..\obj\usb_core.o
                0x080013a0                Out0_Process
 .text.Post0_Process
                0x0800142c       0x60 ..\obj\usb_core.o
                0x0800142c                Post0_Process
 .text.SetDeviceAddress
                0x0800148c       0x88 ..\obj\usb_core.o
                0x0800148c                SetDeviceAddress
 .text.NOP_Process
                0x08001514        0xc ..\obj\usb_core.o
                0x08001514                NOP_Process
 .text.Default_Reset_Handler
                0x08001520       0x6c ..\obj\startup_stm32f10x_ld.o
                0x08001520                Default_Reset_Handler
                0x08001520                Reset_Handler
 .text.Default_Handler
                0x0800158c        0x8 ..\obj\startup_stm32f10x_ld.o
                0x0800158c                EXTI2_IRQHandler
                0x0800158c                DebugMon_Handler
                0x0800158c                HardFault_Handler
                0x0800158c                SysTick_Handler
                0x0800158c                PVD_IRQHandler
                0x0800158c                PendSV_Handler
                0x0800158c                NMI_Handler
                0x0800158c                EXTI3_IRQHandler
                0x0800158c                EXTI0_IRQHandler
                0x0800158c                UsageFault_Handler
                0x0800158c                SPI1_IRQHandler
                0x0800158c                TAMPER_IRQHandler
                0x0800158c                DMA1_Channel4_IRQHandler
                0x0800158c                RTC_IRQHandler
                0x0800158c                DMA1_Channel7_IRQHandler
                0x0800158c                CAN1_RX1_IRQHandler
                0x0800158c                I2C1_EV_IRQHandler
                0x0800158c                DMA1_Channel6_IRQHandler
                0x0800158c                RCC_IRQHandler
                0x0800158c                TIM1_TRG_COM_IRQHandler
                0x0800158c                DMA1_Channel1_IRQHandler
                0x0800158c                EXTI15_10_IRQHandler
                0x0800158c                EXTI9_5_IRQHandler
                0x0800158c                MemManage_Handler
                0x0800158c                SVC_Handler
                0x0800158c                DMA1_Channel5_IRQHandler
                0x0800158c                EXTI4_IRQHandler
                0x0800158c                USB_HP_CAN1_TX_IRQHandler
                0x0800158c                DMA1_Channel3_IRQHandler
                0x0800158c                TIM1_UP_IRQHandler
                0x0800158c                WWDG_IRQHandler
                0x0800158c                TIM1_BRK_IRQHandler
                0x0800158c                EXTI1_IRQHandler
                0x0800158c                RTCAlarm_IRQHandler
                0x0800158c                DMA1_Channel2_IRQHandler
                0x0800158c                CAN1_SCE_IRQHandler
                0x0800158c                FLASH_IRQHandler
                0x0800158c                BusFault_Handler
                0x0800158c                USART1_IRQHandler
                0x0800158c                I2C1_ER_IRQHandler
                0x0800158c                USBWakeUp_IRQHandler
 .text.MDC_initMotor
                0x08001594       0x20 ..\obj\motorDc.o
                0x08001594                MDC_initMotor
 .text.MDC_stopMotor
                0x080015b4       0x44 ..\obj\motorDc.o
                0x080015b4                MDC_stopMotor
 .text.MDC_commandDutyCycle
                0x080015f8       0xb4 ..\obj\motorDc.o
                0x080015f8                MDC_commandDutyCycle
 .text.MDC_commandDirection
                0x080016ac       0x20 ..\obj\motorDc.o
                0x080016ac                MDC_commandDirection
 .text.CTR_LP   0x080016cc      0x428 ..\obj\usb_int.o
                0x080016cc                CTR_LP
 .text.SystemInit
                0x08001af4       0xac ..\obj\system_stm32f10x.o
                0x08001af4                SystemInit
 .text.SetSysClock
                0x08001ba0        0xc ..\obj\system_stm32f10x.o
 .text.SetSysClockTo72
                0x08001bac      0x1ac ..\obj\system_stm32f10x.o
 .text.SetBTABLE
                0x08001d58       0x28 ..\obj\usb_regs.o
                0x08001d58                SetBTABLE
 .text.SetEPType
                0x08001d80       0x4c ..\obj\usb_regs.o
                0x08001d80                SetEPType
 .text.SetEPTxStatus
                0x08001dcc       0x74 ..\obj\usb_regs.o
                0x08001dcc                SetEPTxStatus
 .text.SetEPRxStatus
                0x08001e40       0x74 ..\obj\usb_regs.o
                0x08001e40                SetEPRxStatus
 .text.SetEPTxValid
                0x08001eb4       0x58 ..\obj\usb_regs.o
                0x08001eb4                SetEPTxValid
 .text.SetEPRxValid
                0x08001f0c       0x58 ..\obj\usb_regs.o
                0x08001f0c                SetEPRxValid
 .text.Clear_Status_Out
                0x08001f64       0x58 ..\obj\usb_regs.o
                0x08001f64                Clear_Status_Out
 .text.ClearDTOG_RX
                0x08001fbc       0x60 ..\obj\usb_regs.o
                0x08001fbc                ClearDTOG_RX
 .text.ClearDTOG_TX
                0x0800201c       0x60 ..\obj\usb_regs.o
                0x0800201c                ClearDTOG_TX
 .text.SetEPTxAddr
                0x0800207c       0x48 ..\obj\usb_regs.o
                0x0800207c                SetEPTxAddr
 .text.SetEPRxAddr
                0x080020c4       0x4c ..\obj\usb_regs.o
                0x080020c4                SetEPRxAddr
 .text.GetEPTxAddr
                0x08002110       0x3c ..\obj\usb_regs.o
                0x08002110                GetEPTxAddr
 .text.GetEPRxAddr
                0x0800214c       0x40 ..\obj\usb_regs.o
                0x0800214c                GetEPRxAddr
 .text.SetEPTxCount
                0x0800218c       0x40 ..\obj\usb_regs.o
                0x0800218c                SetEPTxCount
 .text.SetEPRxCount
                0x080021cc       0x98 ..\obj\usb_regs.o
                0x080021cc                SetEPRxCount
 .text.GetEPRxCount
                0x08002264       0x48 ..\obj\usb_regs.o
                0x08002264                GetEPRxCount
 .text.ByteSwap
                0x080022ac       0x34 ..\obj\usb_regs.o
                0x080022ac                ByteSwap
 .text.Set_USBClock
                0x080022e0       0x1c ..\obj\hw_config.o
                0x080022e0                Set_USBClock
 .text.USB_Interrupts_Config
                0x080022fc       0x38 ..\obj\hw_config.o
                0x080022fc                USB_Interrupts_Config
 .text.USB_Cable_Config
                0x08002334       0x14 ..\obj\hw_config.o
                0x08002334                USB_Cable_Config
 .text.USART_Config_Default
                0x08002348        0xc ..\obj\hw_config.o
                0x08002348                USART_Config_Default
 .text.USART_Config
                0x08002354       0x10 ..\obj\hw_config.o
                0x08002354                USART_Config
 .text.Handle_USBAsynchXfer
                0x08002364      0x168 ..\obj\hw_config.o
                0x08002364                Handle_USBAsynchXfer
 .text.Get_SerialNum
                0x080024cc       0x60 ..\obj\hw_config.o
                0x080024cc                Get_SerialNum
 .text.IntToUnicode
                0x0800252c       0x94 ..\obj\hw_config.o
 .text.Virtual_Com_Port_init
                0x080025c0       0x34 ..\obj\usb_prop.o
                0x080025c0                Virtual_Com_Port_init
 .text.Virtual_Com_Port_Reset
                0x080025f4      0x14c ..\obj\usb_prop.o
                0x080025f4                Virtual_Com_Port_Reset
 .text.Virtual_Com_Port_SetConfiguration
                0x08002740       0x30 ..\obj\usb_prop.o
                0x08002740                Virtual_Com_Port_SetConfiguration
 .text.Virtual_Com_Port_SetDeviceAddress
                0x08002770       0x18 ..\obj\usb_prop.o
                0x08002770                Virtual_Com_Port_SetDeviceAddress
 .text.Virtual_Com_Port_Status_In
                0x08002788       0x28 ..\obj\usb_prop.o
                0x08002788                Virtual_Com_Port_Status_In
 .text.Virtual_Com_Port_Status_Out
                0x080027b0        0xc ..\obj\usb_prop.o
                0x080027b0                Virtual_Com_Port_Status_Out
 .text.Virtual_Com_Port_Data_Setup
                0x080027bc       0xa8 ..\obj\usb_prop.o
                0x080027bc                Virtual_Com_Port_Data_Setup
 .text.Virtual_Com_Port_NoData_Setup
                0x08002864       0x48 ..\obj\usb_prop.o
                0x08002864                Virtual_Com_Port_NoData_Setup
 .text.Virtual_Com_Port_GetDeviceDescriptor
                0x080028ac       0x28 ..\obj\usb_prop.o
                0x080028ac                Virtual_Com_Port_GetDeviceDescriptor
 .text.Virtual_Com_Port_GetConfigDescriptor
                0x080028d4       0x28 ..\obj\usb_prop.o
                0x080028d4                Virtual_Com_Port_GetConfigDescriptor
 .text.Virtual_Com_Port_GetStringDescriptor
                0x080028fc       0x4c ..\obj\usb_prop.o
                0x080028fc                Virtual_Com_Port_GetStringDescriptor
 .text.Virtual_Com_Port_Get_Interface_Setting
                0x08002948       0x38 ..\obj\usb_prop.o
                0x08002948                Virtual_Com_Port_Get_Interface_Setting
 .text.Virtual_Com_Port_GetLineCoding
                0x08002980       0x3c ..\obj\usb_prop.o
                0x08002980                Virtual_Com_Port_GetLineCoding
 .text.Virtual_Com_Port_SetLineCoding
                0x080029bc       0x3c ..\obj\usb_prop.o
                0x080029bc                Virtual_Com_Port_SetLineCoding
 .text.NVIC_EnableIRQ
                0x080029f8       0x38 ..\obj\milliSecTimer.o
 .text.MSTMR_initMilliSecTimer
                0x08002a30       0x94 ..\obj\milliSecTimer.o
                0x08002a30                MSTMR_initMilliSecTimer
 .text.TIM2_IRQHandler
                0x08002ac4       0x2c ..\obj\milliSecTimer.o
                0x08002ac4                TIM2_IRQHandler
 .text.MSTMR_getMilliSeconds
                0x08002af0       0x18 ..\obj\milliSecTimer.o
                0x08002af0                MSTMR_getMilliSeconds
 .text.PowerOn  0x08002b08       0x80 ..\obj\usb_pwr.o
                0x08002b08                PowerOn
 .text.USB_Init
                0x08002b88       0x5c ..\obj\usb_init.o
                0x08002b88                USB_Init
 .text.main     0x08002be4       0x8c ..\obj\main.o
                0x08002be4                main
 .text.initDio  0x08002c70       0xb8 ..\obj\main.o
                0x08002c70                initDio
 .text.NVIC_EnableIRQ
                0x08002d28       0x38 ..\obj\mpwm.o
 .text.MPWM_initMotorPwm
                0x08002d60      0x184 ..\obj\mpwm.o
                0x08002d60                MPWM_initMotorPwm
 .text.MPWM_setMotorPwmFreq
                0x08002ee4       0x40 ..\obj\mpwm.o
                0x08002ee4                MPWM_setMotorPwmFreq
 .text.MPWM_setDeadTime
                0x08002f24       0xac ..\obj\mpwm.o
                0x08002f24                MPWM_setDeadTime
 .text.MPWM_setAdcSamplingTime
                0x08002fd0       0x3c ..\obj\mpwm.o
                0x08002fd0                MPWM_setAdcSamplingTime
 .text.MPWM_setPhaseDutyCycle
                0x0800300c      0x3f0 ..\obj\mpwm.o
                0x0800300c                MPWM_setPhaseDutyCycle
 .text.TIM1_CC_IRQHandler
                0x080033fc       0x30 ..\obj\mpwm.o
                0x080033fc                TIM1_CC_IRQHandler
 .text.NVIC_EnableIRQ
                0x0800342c       0x38 ..\obj\rcPwm.o
 .text.RCPWM_initRcPwm
                0x08003464      0x110 ..\obj\rcPwm.o
                0x08003464                RCPWM_initRcPwm
 .text.RCPWM_getSpeedDemand
                0x08003574       0x38 ..\obj\rcPwm.o
                0x08003574                RCPWM_getSpeedDemand
 .text.TIM3_IRQHandler
                0x080035ac       0xb8 ..\obj\rcPwm.o
                0x080035ac                TIM3_IRQHandler
 .text.RCC_DeInit
                0x08003664       0x9c ..\obj\stm32f10x_rcc.o
                0x08003664                RCC_DeInit
 .text.RCC_USBCLKConfig
                0x08003700       0x20 ..\obj\stm32f10x_rcc.o
                0x08003700                RCC_USBCLKConfig
 .text.RCC_APB1PeriphClockCmd
                0x08003720       0x58 ..\obj\stm32f10x_rcc.o
                0x08003720                RCC_APB1PeriphClockCmd
 .text.GPIO_pinSetup
                0x08003778      0x1a4 ..\obj\gpio.o
                0x08003778                GPIO_pinSetup
 .text.GPIO_setOutputPin
                0x0800391c       0x70 ..\obj\gpio.o
                0x0800391c                GPIO_setOutputPin
 .text.GPIO_clearOutputPin
                0x0800398c       0x78 ..\obj\gpio.o
                0x0800398c                GPIO_clearOutputPin
 .text.MOT_defineMotorType
                0x08003a04       0x28 ..\obj\motor.o
                0x08003a04                MOT_defineMotorType
 .text.MOT_initMotor
                0x08003a2c       0x28 ..\obj\motor.o
                0x08003a2c                MOT_initMotor
 .text.MOT_commandDutyCycle
                0x08003a54       0x48 ..\obj\motor.o
                0x08003a54                MOT_commandDutyCycle
 .text.MOT_commandDirection
                0x08003a9c       0x38 ..\obj\motor.o
                0x08003a9c                MOT_commandDirection
 .text.OSC_initClock
                0x08003ad4        0xc ..\obj\osc.o
                0x08003ad4                OSC_initClock
 .text.OSC_initHseClock
                0x08003ae0      0x188 ..\obj\osc.o
                0x08003ae0                OSC_initHseClock
 .text.OSC_getClockFreq
                0x08003c68       0x18 ..\obj\osc.o
                0x08003c68                OSC_getClockFreq
 .text.USB_SIL_Init
                0x08003c80       0x40 ..\obj\usb_sil.o
                0x08003c80                USB_SIL_Init
 .text.USB_SIL_Read
                0x08003cc0       0x78 ..\obj\usb_sil.o
                0x08003cc0                USB_SIL_Read
 .text.FLASH_SetLatency
                0x08003d38       0x40 ..\obj\stm32f10x_flash.o
                0x08003d38                FLASH_SetLatency
 .text.FLASH_PrefetchBufferCmd
                0x08003d78       0x44 ..\obj\stm32f10x_flash.o
                0x08003d78                FLASH_PrefetchBufferCmd
 .text.NVIC_EnableIRQ
                0x08003dbc       0x38 ..\obj\adc.o
 .text.ADC_initAdc
                0x08003df4       0x18 ..\obj\adc.o
                0x08003df4                ADC_initAdc
 .text.ADC_initAdc1
                0x08003e0c       0xa0 ..\obj\adc.o
                0x08003e0c                ADC_initAdc1
 .text.ADC_initAdc2
                0x08003eac       0xa0 ..\obj\adc.o
                0x08003eac                ADC_initAdc2
 .text.ADC_startAdcConversion
                0x08003f4c       0x3c ..\obj\adc.o
                0x08003f4c                ADC_startAdcConversion
 .text.ADC1_2_IRQHandler
                0x08003f88       0xe0 ..\obj\adc.o
                0x08003f88                ADC1_2_IRQHandler
 .text.USB_LP_CAN1_RX0_IRQHandler
                0x08004068        0xc ..\obj\stm32_it.o
                0x08004068                USB_LP_CAN1_RX0_IRQHandler
 .text.USART2_IRQHandler
                0x08004074        0xc ..\obj\stm32_it.o
                0x08004074                USART2_IRQHandler
 .text.USB_RX_USB_TX_Copy
                0x08004080      0x168 ..\obj\usb_endp.o
                0x08004080                USB_RX_USB_TX_Copy
 .text.EP1_IN_Callback
                0x080041e8      0x168 ..\obj\usb_endp.o
                0x080041e8                EP1_IN_Callback
 .text.EP3_OUT_Callback
                0x08004350      0x288 ..\obj\usb_endp.o
                0x08004350                EP3_OUT_Callback
 .text.SOF_Callback
                0x080045d8       0x4c ..\obj\usb_endp.o
                0x080045d8                SOF_Callback
 .text.NVIC_PriorityGroupConfig
                0x08004624       0x28 ..\obj\misc.o
                0x08004624                NVIC_PriorityGroupConfig
 .text.NVIC_Init
                0x0800464c       0xe8 ..\obj\misc.o
                0x0800464c                NVIC_Init
 .text.UserToPMABufferCopy
                0x08004734       0x9c ..\obj\usb_mem.o
                0x08004734                UserToPMABufferCopy
 .text.PMAToUserBufferCopy
                0x080047d0       0x80 ..\obj\usb_mem.o
                0x080047d0                PMAToUserBufferCopy
 .text.USB_Istr
                0x08004850       0xc8 ..\obj\usb_istr.o
                0x08004850                USB_Istr
 .text          0x08004918      0x21c c:/program files (x86)/gnu tools arm embedded/4.6 2012q4/bin/../lib/gcc/arm-none-eabi/4.6.2/armv7-m\libgcc.a(_arm_addsubsf3.o)
                0x08004918                __aeabi_frsub
                0x08004920                __subsf3
                0x08004920                __aeabi_fsub
                0x08004924                __aeabi_fadd
                0x08004924                __addsf3
                0x08004a84                __aeabi_ui2f
                0x08004a84                __floatunsisf
                0x08004a8c                __aeabi_i2f
                0x08004a8c                __floatsisf
                0x08004aa8                __aeabi_ul2f
                0x08004aa8                __floatundisf
                0x08004ab8                __aeabi_l2f
                0x08004ab8                __floatdisf
 .text          0x08004b34      0x2a0 c:/program files (x86)/gnu tools arm embedded/4.6 2012q4/bin/../lib/gcc/arm-none-eabi/4.6.2/armv7-m\libgcc.a(_arm_muldivsf3.o)
                0x08004b34                __mulsf3
                0x08004b34                __aeabi_fmul
                0x08004c9c                __aeabi_fdiv
                0x08004c9c                __divsf3
 .text          0x08004dd4       0xec c:/program files (x86)/gnu tools arm embedded/4.6 2012q4/bin/../lib/gcc/arm-none-eabi/4.6.2/armv7-m\libgcc.a(_arm_cmpsf2.o)
                0x08004dd4                __gesf2
                0x08004dd4                __gtsf2
                0x08004ddc                __lesf2
                0x08004ddc                __ltsf2
                0x08004de4                __nesf2
                0x08004de4                __eqsf2
                0x08004de4                __cmpsf2
                0x08004e44                __aeabi_cfrcmple
                0x08004e4c                __aeabi_cfcmpeq
                0x08004e4c                __aeabi_cfcmple
                0x08004e5c                __aeabi_fcmpeq
                0x08004e70                __aeabi_fcmplt
                0x08004e84                __aeabi_fcmple
                0x08004e98                __aeabi_fcmpge
                0x08004eac                __aeabi_fcmpgt
 .text          0x08004ec0       0x40 c:/program files (x86)/gnu tools arm embedded/4.6 2012q4/bin/../lib/gcc/arm-none-eabi/4.6.2/armv7-m\libgcc.a(_arm_fixunssfsi.o)
                0x08004ec0                __fixunssfsi
                0x08004ec0                __aeabi_f2uiz
 *(.glue_7t)
 .glue_7t       0x00000000        0x0 linker stubs
 *(.glue_7)
 .glue_7        0x00000000        0x0 linker stubs
 *(.rodata .rodata* .gnu.linkonce.r.*)
 .rodata        0x08004f00       0xb8 ..\obj\usb_desc.o
                0x08004f00                Virtual_Com_Port_DeviceDescriptor
                0x08004f14                Virtual_Com_Port_ConfigDescriptor
                0x08004f58                Virtual_Com_Port_StringLangID
                0x08004f5c                Virtual_Com_Port_StringVendor
                0x08004f84                Virtual_Com_Port_StringProduct
 .rodata        0x08004fb8        0x4 ..\obj\usb_endp.o
                0x08004fb8                USB_RX_Size
                0x08004fba                USB_TX_Size

.vfp11_veneer   0x08004fbc        0x0
 .vfp11_veneer  0x00000000        0x0 linker stubs

.v4_bx          0x08004fbc        0x0
 .v4_bx         0x00000000        0x0 linker stubs

.ARM.extab
 *(.ARM.extab* .gnu.linkonce.armextab.*)
                0x08004fbc                __exidx_start = .

.ARM.exidx
 *(.ARM.exidx* .gnu.linkonce.armexidx.*)
                0x08004fbc                __exidx_end = .
                0x08004fbc                . = ALIGN (0x4)
                0x08004fbc                _etext = .
                0x08004fbc                _sidata = .

.data           0x20000000       0xf4 load address 0x08004fbc
                0x20000000                _sdata = .
 *(.data .data.*)
 .data          0x20000000       0x1c ..\obj\usb_desc.o
                0x20000000                Virtual_Com_Port_StringSerial
 .data          0x2000001c       0x90 ..\obj\usb_prop.o
                0x2000001c                linecoding
                0x20000024                Device_Table
                0x20000028                Device_Property
                0x20000058                User_Standard_Requests
                0x2000007c                Device_Descriptor
                0x20000084                Config_Descriptor
                0x2000008c                String_Descriptor
 .data          0x200000ac       0x10 ..\obj\usb_endp.o
                0x200000ac                USB_RX_Head
                0x200000b0                USB_RX_Tail
                0x200000b4                USB_TX_Head
                0x200000b8                USB_TX_Tail
 .data          0x200000bc       0x38 ..\obj\usb_istr.o
                0x200000bc                pEpInt_IN
                0x200000d8                pEpInt_OUT
                0x200000f4                . = ALIGN (0x4)
                0x200000f4                _edata = .

.bss            0x200000f4      0x298 load address 0x080050b0
                0x200000f4                _sbss = .
 *(.bss .bss.*)
 .bss           0x200000f4        0x1 ..\obj\usb_core.o
                0x200000f4                Data_Mul_MaxPacketSize
 .bss           0x200000f5        0x1 ..\obj\hw_config.o
                0x200000f5                USB_Tx_State
 .bss           0x200000f6        0x1 ..\obj\usb_prop.o
                0x200000f6                Request
 *fill*         0x200000f7        0x1 00
 .bss           0x200000f8        0x4 ..\obj\usb_pwr.o
                0x200000f8                bDeviceState
 .bss           0x200000fc        0x8 ..\obj\adc.o
                0x200000fc                adc1InterruptPtr
                0x20000100                adc2InterruptPtr
 .bss           0x20000104        0x4 ..\obj\usb_endp.o
 .bss           0x20000108        0x1 ..\obj\usb_istr.o
                0x20000108                bIntPackSOF
 *(COMMON)
 *fill*         0x20000109        0x3 00
 COMMON         0x2000010c        0x2 ..\obj\usb_core.o
                0x2000010c                StatusInfo
 *fill*         0x2000010e        0x2 00
 COMMON         0x20000110       0x12 ..\obj\motorDc.o
                0x20000110                MDC_command
                0x20000114                MDC_motor
 COMMON         0x20000122        0x4 ..\obj\usb_int.o
                0x20000122                SaveRState
                0x20000124                SaveTState
 *fill*         0x20000126        0x2 00
 COMMON         0x20000128        0x4 ..\obj\milliSecTimer.o
                0x20000128                MSTMR_timer
 COMMON         0x2000012c       0x32 ..\obj\usb_init.o
                0x2000012c                SaveState
                0x20000130                pProperty
                0x20000134                EPindex
                0x20000138                Device_Info
                0x20000154                pUser_Standard_Requests
                0x20000158                pInformation
                0x2000015c                wInterrupt_Mask
 *fill*         0x2000015e        0x2 00
 COMMON         0x20000160        0x3 ..\obj\mpwm.o
                0x20000160                MPWM_motorPhase
 *fill*         0x20000163        0x1 00
 COMMON         0x20000164        0xc ..\obj\rcPwm.o
                0x20000164                rcPwm
 COMMON         0x20000170        0x1 ..\obj\motor.o
                0x20000170                motor
 *fill*         0x20000171        0x3 00
 COMMON         0x20000174        0x4 ..\obj\osc.o
                0x20000174                oscillator
 COMMON         0x20000178      0x210 ..\obj\usb_endp.o
                0x20000178                USB_RX_BytesWritten
                0x2000017c                USB_RX_Buffer
                0x2000027c                USB_TX_BytesWritten
                0x20000280                USB_TX_BytesRead
                0x20000284                USB_TX_Buffer
                0x20000384                USB_RX_BytesRead
 COMMON         0x20000388        0x2 ..\obj\usb_istr.o
                0x20000388                wIstr
                0x2000038c                . = ALIGN (0x4)
 *fill*         0x2000038a        0x2 00
                0x2000038c                _ebss = .

.co_stack       0x2000038c      0x404 load address 0x08005348
                0x20000390                . = ALIGN (0x8)
 *fill*         0x2000038c        0x4 00
 *(.co_stack .co_stack.*)
 .co_stack      0x20000390      0x400 ..\obj\startup_stm32f10x_ld.o
                0x20000390                pulStack
                0x20000790                . = ALIGN (0x4)
                0x20000790                _end = .
LOAD ..\obj\stm32f10x_rtc.o
LOAD ..\obj\otgd_fs_pcd.o
LOAD ..\obj\usb_core.o
LOAD ..\obj\startup_stm32f10x_ld.o
LOAD ..\obj\stm32f10x_tim.o
LOAD ..\obj\core_cm3.o
LOAD ..\obj\motorDc.o
LOAD ..\obj\usb_int.o
LOAD ..\obj\stm32f10x_dbgmcu.o
LOAD ..\obj\system_stm32f10x.o
LOAD ..\obj\usb_desc.o
LOAD ..\obj\usb_regs.o
LOAD ..\obj\stm32f10x_pwr.o
LOAD ..\obj\stm32f10x_can.o
LOAD ..\obj\hw_config.o
LOAD ..\obj\stm32f10x_gpio.o
LOAD ..\obj\usb_prop.o
LOAD ..\obj\milliSecTimer.o
LOAD ..\obj\usb_pwr.o
LOAD ..\obj\usb_init.o
LOAD ..\obj\main.o
LOAD ..\obj\otgd_fs_dev.o
LOAD ..\obj\stm32f10x_crc.o
LOAD ..\obj\mpwm.o
LOAD ..\obj\rcPwm.o
LOAD ..\obj\printf.o
LOAD ..\obj\stm32f10x_rcc.o
LOAD ..\obj\gpio.o
LOAD ..\obj\motor.o
LOAD ..\obj\stm32f10x_exti.o
LOAD ..\obj\stm32f10x_adc.o
LOAD ..\obj\osc.o
LOAD ..\obj\motorBldc.o
LOAD ..\obj\stm32f10x_usart.o
LOAD ..\obj\otgd_fs_int.o
LOAD ..\obj\usb_sil.o
LOAD ..\obj\syscalls.o
LOAD ..\obj\otgd_fs_cal.o
LOAD ..\obj\stm32f10x_flash.o
LOAD ..\obj\adc.o
LOAD ..\obj\stm32_it.o
LOAD ..\obj\usb_endp.o
LOAD ..\obj\stm32f10x_dma.o
LOAD ..\obj\misc.o
LOAD ..\obj\stm32f10x_wwdg.o
LOAD ..\obj\stm32f10x_spi.o
LOAD ..\obj\stm32f10x_i2c.o
LOAD ..\obj\usb_mem.o
LOAD ..\obj\usb_vcp.o
LOAD ..\obj\usb_istr.o
LOAD ..\obj\stm32f10x_bkp.o
LOAD ..\obj\stm32f10x_iwdg.o
LOAD C:\Program Files (x86)\GNU Tools ARM Embedded\4.6 2012q4\arm-none-eabi\lib\armv7-m\libm.a
START GROUP
LOAD c:/program files (x86)/gnu tools arm embedded/4.6 2012q4/bin/../lib/gcc/arm-none-eabi/4.6.2/armv7-m\libgcc.a
LOAD C:\Program Files (x86)\GNU Tools ARM Embedded\4.6 2012q4\arm-none-eabi\lib\armv7-m\libg.a
LOAD C:\Program Files (x86)\GNU Tools ARM Embedded\4.6 2012q4\arm-none-eabi\lib\armv7-m\libc.a
END GROUP
OUTPUT(lowVoltageDrive.elf elf32-littlearm)

.debug_info     0x00000000    0x12c5f
 .debug_info    0x00000000      0x46a ..\obj\stm32f10x_rtc.o
 .debug_info    0x0000046a      0xc65 ..\obj\usb_core.o
 .debug_info    0x000010cf      0x131 ..\obj\startup_stm32f10x_ld.o
 .debug_info    0x00001200     0x1e18 ..\obj\stm32f10x_tim.o
 .debug_info    0x00003018      0x548 ..\obj\core_cm3.o
 .debug_info    0x00003560      0x2c3 ..\obj\motorDc.o
 .debug_info    0x00003823      0x22d ..\obj\usb_int.o
 .debug_info    0x00003a50      0x15a ..\obj\stm32f10x_dbgmcu.o
 .debug_info    0x00003baa      0x4a0 ..\obj\system_stm32f10x.o
 .debug_info    0x0000404a      0x179 ..\obj\usb_desc.o
 .debug_info    0x000041c3      0xd69 ..\obj\usb_regs.o
 .debug_info    0x00004f2c      0x45b ..\obj\stm32f10x_pwr.o
 .debug_info    0x00005387      0xc57 ..\obj\stm32f10x_can.o
 .debug_info    0x00005fde      0x8c2 ..\obj\hw_config.o
 .debug_info    0x000068a0      0x723 ..\obj\stm32f10x_gpio.o
 .debug_info    0x00006fc3      0x98c ..\obj\usb_prop.o
 .debug_info    0x0000794f      0x67a ..\obj\milliSecTimer.o
 .debug_info    0x00007fc9      0x2ee ..\obj\usb_pwr.o
 .debug_info    0x000082b7      0x4e1 ..\obj\usb_init.o
 .debug_info    0x00008798      0x160 ..\obj\main.o
 .debug_info    0x000088f8      0x200 ..\obj\stm32f10x_crc.o
 .debug_info    0x00008af8      0x7f5 ..\obj\mpwm.o
 .debug_info    0x000092ed      0x744 ..\obj\rcPwm.o
 .debug_info    0x00009a31     0x1000 ..\obj\printf.o
 .debug_info    0x0000aa31      0x901 ..\obj\stm32f10x_rcc.o
 .debug_info    0x0000b332      0x251 ..\obj\gpio.o
 .debug_info    0x0000b583      0x1af ..\obj\motor.o
 .debug_info    0x0000b732      0x361 ..\obj\stm32f10x_exti.o
 .debug_info    0x0000ba93      0xc0e ..\obj\stm32f10x_adc.o
 .debug_info    0x0000c6a1      0x238 ..\obj\osc.o
 .debug_info    0x0000c8d9      0x42a ..\obj\motorBldc.o
 .debug_info    0x0000cd03      0xa6c ..\obj\stm32f10x_usart.o
 .debug_info    0x0000d76f      0x1a7 ..\obj\usb_sil.o
 .debug_info    0x0000d916      0xe28 ..\obj\syscalls.o
 .debug_info    0x0000e73e      0x819 ..\obj\stm32f10x_flash.o
 .debug_info    0x0000ef57      0x6b4 ..\obj\adc.o
 .debug_info    0x0000f60b       0xb7 ..\obj\stm32_it.o
 .debug_info    0x0000f6c2      0x519 ..\obj\usb_endp.o
 .debug_info    0x0000fbdb      0x4a2 ..\obj\stm32f10x_dma.o
 .debug_info    0x0001007d      0x546 ..\obj\misc.o
 .debug_info    0x000105c3      0x235 ..\obj\stm32f10x_wwdg.o
 .debug_info    0x000107f8      0x971 ..\obj\stm32f10x_spi.o
 .debug_info    0x00011169      0xb94 ..\obj\stm32f10x_i2c.o
 .debug_info    0x00011cfd      0x1b0 ..\obj\usb_mem.o
 .debug_info    0x00011ead       0x89 ..\obj\usb_vcp.o
 .debug_info    0x00011f36      0x2b0 ..\obj\usb_istr.o
 .debug_info    0x000121e6      0x879 ..\obj\stm32f10x_bkp.o
 .debug_info    0x00012a5f      0x200 ..\obj\stm32f10x_iwdg.o

.debug_abbrev   0x00000000     0x3c2e
 .debug_abbrev  0x00000000      0x166 ..\obj\stm32f10x_rtc.o
 .debug_abbrev  0x00000166        0x1 ..\obj\otgd_fs_pcd.o
 .debug_abbrev  0x00000167      0x25a ..\obj\usb_core.o
 .debug_abbrev  0x000003c1       0xa3 ..\obj\startup_stm32f10x_ld.o
 .debug_abbrev  0x00000464      0x172 ..\obj\stm32f10x_tim.o
 .debug_abbrev  0x000005d6       0xd5 ..\obj\core_cm3.o
 .debug_abbrev  0x000006ab      0x116 ..\obj\motorDc.o
 .debug_abbrev  0x000007c1       0xcd ..\obj\usb_int.o
 .debug_abbrev  0x0000088e       0xda ..\obj\stm32f10x_dbgmcu.o
 .debug_abbrev  0x00000968      0x17e ..\obj\system_stm32f10x.o
 .debug_abbrev  0x00000ae6       0x77 ..\obj\usb_desc.o
 .debug_abbrev  0x00000b5d      0x146 ..\obj\usb_regs.o
 .debug_abbrev  0x00000ca3      0x184 ..\obj\stm32f10x_pwr.o
 .debug_abbrev  0x00000e27      0x1ac ..\obj\stm32f10x_can.o
 .debug_abbrev  0x00000fd3      0x22e ..\obj\hw_config.o
 .debug_abbrev  0x00001201      0x1a4 ..\obj\stm32f10x_gpio.o
 .debug_abbrev  0x000013a5      0x1b5 ..\obj\usb_prop.o
 .debug_abbrev  0x0000155a      0x197 ..\obj\milliSecTimer.o
 .debug_abbrev  0x000016f1      0x124 ..\obj\usb_pwr.o
 .debug_abbrev  0x00001815      0x11d ..\obj\usb_init.o
 .debug_abbrev  0x00001932       0xcd ..\obj\main.o
 .debug_abbrev  0x000019ff        0x1 ..\obj\otgd_fs_dev.o
 .debug_abbrev  0x00001a00      0x10a ..\obj\stm32f10x_crc.o
 .debug_abbrev  0x00001b0a      0x1a4 ..\obj\mpwm.o
 .debug_abbrev  0x00001cae      0x19e ..\obj\rcPwm.o
 .debug_abbrev  0x00001e4c      0x268 ..\obj\printf.o
 .debug_abbrev  0x000020b4      0x191 ..\obj\stm32f10x_rcc.o
 .debug_abbrev  0x00002245       0xfa ..\obj\gpio.o
 .debug_abbrev  0x0000233f       0xc6 ..\obj\motor.o
 .debug_abbrev  0x00002405      0x14a ..\obj\stm32f10x_exti.o
 .debug_abbrev  0x0000254f      0x174 ..\obj\stm32f10x_adc.o
 .debug_abbrev  0x000026c3      0x117 ..\obj\osc.o
 .debug_abbrev  0x000027da      0x16a ..\obj\motorBldc.o
 .debug_abbrev  0x00002944      0x15b ..\obj\stm32f10x_usart.o
 .debug_abbrev  0x00002a9f        0x1 ..\obj\otgd_fs_int.o
 .debug_abbrev  0x00002aa0       0xb7 ..\obj\usb_sil.o
 .debug_abbrev  0x00002b57      0x1fa ..\obj\syscalls.o
 .debug_abbrev  0x00002d51        0x1 ..\obj\otgd_fs_cal.o
 .debug_abbrev  0x00002d52      0x162 ..\obj\stm32f10x_flash.o
 .debug_abbrev  0x00002eb4      0x1c9 ..\obj\adc.o
 .debug_abbrev  0x0000307d       0x57 ..\obj\stm32_it.o
 .debug_abbrev  0x000030d4      0x102 ..\obj\usb_endp.o
 .debug_abbrev  0x000031d6      0x14e ..\obj\stm32f10x_dma.o
 .debug_abbrev  0x00003324      0x135 ..\obj\misc.o
 .debug_abbrev  0x00003459       0xf8 ..\obj\stm32f10x_wwdg.o
 .debug_abbrev  0x00003551      0x15d ..\obj\stm32f10x_spi.o
 .debug_abbrev  0x000036ae      0x15d ..\obj\stm32f10x_i2c.o
 .debug_abbrev  0x0000380b       0x9c ..\obj\usb_mem.o
 .debug_abbrev  0x000038a7       0x40 ..\obj\usb_vcp.o
 .debug_abbrev  0x000038e7       0xf7 ..\obj\usb_istr.o
 .debug_abbrev  0x000039de      0x156 ..\obj\stm32f10x_bkp.o
 .debug_abbrev  0x00003b34       0xfa ..\obj\stm32f10x_iwdg.o

.debug_loc      0x00000000     0x870f
 .debug_loc     0x00000000      0x2e0 ..\obj\stm32f10x_rtc.o
 .debug_loc     0x000002e0      0x3f8 ..\obj\usb_core.o
 .debug_loc     0x000006d8       0x64 ..\obj\startup_stm32f10x_ld.o
 .debug_loc     0x0000073c     0x13e8 ..\obj\stm32f10x_tim.o
 .debug_loc     0x00001b24      0x3f0 ..\obj\core_cm3.o
 .debug_loc     0x00001f14      0x120 ..\obj\motorDc.o
 .debug_loc     0x00002034       0x70 ..\obj\usb_int.o
 .debug_loc     0x000020a4       0x90 ..\obj\stm32f10x_dbgmcu.o
 .debug_loc     0x00002134       0xc8 ..\obj\system_stm32f10x.o
 .debug_loc     0x000021fc      0xcac ..\obj\usb_regs.o
 .debug_loc     0x00002ea8      0x238 ..\obj\stm32f10x_pwr.o
 .debug_loc     0x000030e0      0x578 ..\obj\stm32f10x_can.o
 .debug_loc     0x00003658      0x29c ..\obj\hw_config.o
 .debug_loc     0x000038f4      0x3e4 ..\obj\stm32f10x_gpio.o
 .debug_loc     0x00003cd8      0x2d4 ..\obj\usb_prop.o
 .debug_loc     0x00003fac       0xc8 ..\obj\milliSecTimer.o
 .debug_loc     0x00004074      0x10c ..\obj\usb_pwr.o
 .debug_loc     0x00004180       0x2c ..\obj\usb_init.o
 .debug_loc     0x000041ac       0x64 ..\obj\main.o
 .debug_loc     0x00004210      0x12c ..\obj\stm32f10x_crc.o
 .debug_loc     0x0000433c      0x170 ..\obj\mpwm.o
 .debug_loc     0x000044ac       0xd4 ..\obj\rcPwm.o
 .debug_loc     0x00004580      0x423 ..\obj\printf.o
 .debug_loc     0x000049a3      0x6dc ..\obj\stm32f10x_rcc.o
 .debug_loc     0x0000507f       0xe0 ..\obj\gpio.o
 .debug_loc     0x0000515f      0x12c ..\obj\motor.o
 .debug_loc     0x0000528b      0x1b4 ..\obj\stm32f10x_exti.o
 .debug_loc     0x0000543f      0x7d4 ..\obj\stm32f10x_adc.o
 .debug_loc     0x00005c13       0xc8 ..\obj\osc.o
 .debug_loc     0x00005cdb      0x1c8 ..\obj\motorBldc.o
 .debug_loc     0x00005ea3      0x658 ..\obj\stm32f10x_usart.o
 .debug_loc     0x000064fb       0x9c ..\obj\usb_sil.o
 .debug_loc     0x00006597      0x1ec ..\obj\syscalls.o
 .debug_loc     0x00006783      0x5d8 ..\obj\stm32f10x_flash.o
 .debug_loc     0x00006d5b      0x220 ..\obj\adc.o
 .debug_loc     0x00006f7b       0x58 ..\obj\stm32_it.o
 .debug_loc     0x00006fd3      0x1b4 ..\obj\usb_endp.o
 .debug_loc     0x00007187      0x268 ..\obj\stm32f10x_dma.o
 .debug_loc     0x000073ef      0x118 ..\obj\misc.o
 .debug_loc     0x00007507      0x190 ..\obj\stm32f10x_wwdg.o
 .debug_loc     0x00007697      0x508 ..\obj\stm32f10x_spi.o
 .debug_loc     0x00007b9f      0x738 ..\obj\stm32f10x_i2c.o
 .debug_loc     0x000082d7       0x70 ..\obj\usb_mem.o
 .debug_loc     0x00008347       0x2c ..\obj\usb_istr.o
 .debug_loc     0x00008373      0x264 ..\obj\stm32f10x_bkp.o
 .debug_loc     0x000085d7      0x138 ..\obj\stm32f10x_iwdg.o

.debug_aranges  0x00000000     0x1850
 .debug_aranges
                0x00000000       0x88 ..\obj\stm32f10x_rtc.o
 .debug_aranges
                0x00000088       0xb0 ..\obj\usb_core.o
 .debug_aranges
                0x00000138       0x28 ..\obj\startup_stm32f10x_ld.o
 .debug_aranges
                0x00000160      0x2f0 ..\obj\stm32f10x_tim.o
 .debug_aranges
                0x00000450       0xc8 ..\obj\core_cm3.o
 .debug_aranges
                0x00000518       0x48 ..\obj\motorDc.o
 .debug_aranges
                0x00000560       0x28 ..\obj\usb_int.o
 .debug_aranges
                0x00000588       0x30 ..\obj\stm32f10x_dbgmcu.o
 .debug_aranges
                0x000005b8       0x38 ..\obj\system_stm32f10x.o
 .debug_aranges
                0x000005f0      0x1f0 ..\obj\usb_regs.o
 .debug_aranges
                0x000007e0       0x70 ..\obj\stm32f10x_pwr.o
 .debug_aranges
                0x00000850       0xe0 ..\obj\stm32f10x_can.o
 .debug_aranges
                0x00000930       0x80 ..\obj\hw_config.o
 .debug_aranges
                0x000009b0       0xa8 ..\obj\stm32f10x_gpio.o
 .debug_aranges
                0x00000a58       0x88 ..\obj\usb_prop.o
 .debug_aranges
                0x00000ae0       0x38 ..\obj\milliSecTimer.o
 .debug_aranges
                0x00000b18       0x40 ..\obj\usb_pwr.o
 .debug_aranges
                0x00000b58       0x20 ..\obj\usb_init.o
 .debug_aranges
                0x00000b78       0x28 ..\obj\main.o
 .debug_aranges
                0x00000ba0       0x48 ..\obj\stm32f10x_crc.o
 .debug_aranges
                0x00000be8       0x50 ..\obj\mpwm.o
 .debug_aranges
                0x00000c38       0x38 ..\obj\rcPwm.o
 .debug_aranges
                0x00000c70       0xa8 ..\obj\printf.o
 .debug_aranges
                0x00000d18      0x118 ..\obj\stm32f10x_rcc.o
 .debug_aranges
                0x00000e30       0x38 ..\obj\gpio.o
 .debug_aranges
                0x00000e68       0x48 ..\obj\motor.o
 .debug_aranges
                0x00000eb0       0x58 ..\obj\stm32f10x_exti.o
 .debug_aranges
                0x00000f08      0x138 ..\obj\stm32f10x_adc.o
 .debug_aranges
                0x00001040       0x38 ..\obj\osc.o
 .debug_aranges
                0x00001078       0x60 ..\obj\motorBldc.o
 .debug_aranges
                0x000010d8      0x100 ..\obj\stm32f10x_usart.o
 .debug_aranges
                0x000011d8       0x30 ..\obj\usb_sil.o
 .debug_aranges
                0x00001208       0x60 ..\obj\syscalls.o
 .debug_aranges
                0x00001268       0xf8 ..\obj\stm32f10x_flash.o
 .debug_aranges
                0x00001360       0x70 ..\obj\adc.o
 .debug_aranges
                0x000013d0       0x28 ..\obj\stm32_it.o
 .debug_aranges
                0x000013f8       0x58 ..\obj\usb_endp.o
 .debug_aranges
                0x00001450       0x70 ..\obj\stm32f10x_dma.o
 .debug_aranges
                0x000014c0       0x40 ..\obj\misc.o
 .debug_aranges
                0x00001500       0x58 ..\obj\stm32f10x_wwdg.o
 .debug_aranges
                0x00001558       0xd0 ..\obj\stm32f10x_spi.o
 .debug_aranges
                0x00001628      0x120 ..\obj\stm32f10x_i2c.o
 .debug_aranges
                0x00001748       0x28 ..\obj\usb_mem.o
 .debug_aranges
                0x00001770       0x20 ..\obj\usb_istr.o
 .debug_aranges
                0x00001790       0x78 ..\obj\stm32f10x_bkp.o
 .debug_aranges
                0x00001808       0x48 ..\obj\stm32f10x_iwdg.o

.debug_ranges   0x00000000     0x1570
 .debug_ranges  0x00000000       0x78 ..\obj\stm32f10x_rtc.o
 .debug_ranges  0x00000078       0xa0 ..\obj\usb_core.o
 .debug_ranges  0x00000118       0x18 ..\obj\startup_stm32f10x_ld.o
 .debug_ranges  0x00000130      0x2e0 ..\obj\stm32f10x_tim.o
 .debug_ranges  0x00000410       0xb8 ..\obj\core_cm3.o
 .debug_ranges  0x000004c8       0x38 ..\obj\motorDc.o
 .debug_ranges  0x00000500       0x18 ..\obj\usb_int.o
 .debug_ranges  0x00000518       0x20 ..\obj\stm32f10x_dbgmcu.o
 .debug_ranges  0x00000538       0x28 ..\obj\system_stm32f10x.o
 .debug_ranges  0x00000560      0x1e0 ..\obj\usb_regs.o
 .debug_ranges  0x00000740       0x60 ..\obj\stm32f10x_pwr.o
 .debug_ranges  0x000007a0       0xd0 ..\obj\stm32f10x_can.o
 .debug_ranges  0x00000870       0x70 ..\obj\hw_config.o
 .debug_ranges  0x000008e0       0x98 ..\obj\stm32f10x_gpio.o
 .debug_ranges  0x00000978       0x78 ..\obj\usb_prop.o
 .debug_ranges  0x000009f0       0x28 ..\obj\milliSecTimer.o
 .debug_ranges  0x00000a18       0x30 ..\obj\usb_pwr.o
 .debug_ranges  0x00000a48       0x10 ..\obj\usb_init.o
 .debug_ranges  0x00000a58       0x18 ..\obj\main.o
 .debug_ranges  0x00000a70       0x38 ..\obj\stm32f10x_crc.o
 .debug_ranges  0x00000aa8       0x40 ..\obj\mpwm.o
 .debug_ranges  0x00000ae8       0x28 ..\obj\rcPwm.o
 .debug_ranges  0x00000b10       0x98 ..\obj\printf.o
 .debug_ranges  0x00000ba8      0x108 ..\obj\stm32f10x_rcc.o
 .debug_ranges  0x00000cb0       0x28 ..\obj\gpio.o
 .debug_ranges  0x00000cd8       0x38 ..\obj\motor.o
 .debug_ranges  0x00000d10       0x48 ..\obj\stm32f10x_exti.o
 .debug_ranges  0x00000d58      0x128 ..\obj\stm32f10x_adc.o
 .debug_ranges  0x00000e80       0x28 ..\obj\osc.o
 .debug_ranges  0x00000ea8       0x50 ..\obj\motorBldc.o
 .debug_ranges  0x00000ef8       0xf0 ..\obj\stm32f10x_usart.o
 .debug_ranges  0x00000fe8       0x20 ..\obj\usb_sil.o
 .debug_ranges  0x00001008       0x50 ..\obj\syscalls.o
 .debug_ranges  0x00001058       0xe8 ..\obj\stm32f10x_flash.o
 .debug_ranges  0x00001140       0x60 ..\obj\adc.o
 .debug_ranges  0x000011a0       0x18 ..\obj\stm32_it.o
 .debug_ranges  0x000011b8       0x48 ..\obj\usb_endp.o
 .debug_ranges  0x00001200       0x60 ..\obj\stm32f10x_dma.o
 .debug_ranges  0x00001260       0x30 ..\obj\misc.o
 .debug_ranges  0x00001290       0x48 ..\obj\stm32f10x_wwdg.o
 .debug_ranges  0x000012d8       0xc0 ..\obj\stm32f10x_spi.o
 .debug_ranges  0x00001398      0x110 ..\obj\stm32f10x_i2c.o
 .debug_ranges  0x000014a8       0x18 ..\obj\usb_mem.o
 .debug_ranges  0x000014c0       0x10 ..\obj\usb_istr.o
 .debug_ranges  0x000014d0       0x68 ..\obj\stm32f10x_bkp.o
 .debug_ranges  0x00001538       0x38 ..\obj\stm32f10x_iwdg.o

.debug_line     0x00000000     0x8d4f
 .debug_line    0x00000000      0x2af ..\obj\stm32f10x_rtc.o
 .debug_line    0x000002af        0x0 ..\obj\otgd_fs_pcd.o
 .debug_line    0x000002af      0x4f2 ..\obj\usb_core.o
 .debug_line    0x000007a1       0xac ..\obj\startup_stm32f10x_ld.o
 .debug_line    0x0000084d      0xa7a ..\obj\stm32f10x_tim.o
 .debug_line    0x000012c7      0x29a ..\obj\core_cm3.o
 .debug_line    0x00001561      0x1e9 ..\obj\motorDc.o
 .debug_line    0x0000174a      0x290 ..\obj\usb_int.o
 .debug_line    0x000019da      0x1bc ..\obj\stm32f10x_dbgmcu.o
 .debug_line    0x00001b96      0x241 ..\obj\system_stm32f10x.o
 .debug_line    0x00001dd7      0x133 ..\obj\usb_desc.o
 .debug_line    0x00001f0a      0x726 ..\obj\usb_regs.o
 .debug_line    0x00002630      0x26c ..\obj\stm32f10x_pwr.o
 .debug_line    0x0000289c      0x542 ..\obj\stm32f10x_can.o
 .debug_line    0x00002dde      0x3ee ..\obj\hw_config.o
 .debug_line    0x000031cc      0x394 ..\obj\stm32f10x_gpio.o
 .debug_line    0x00003560      0x339 ..\obj\usb_prop.o
 .debug_line    0x00003899      0x1cd ..\obj\milliSecTimer.o
 .debug_line    0x00003a66      0x2c0 ..\obj\usb_pwr.o
 .debug_line    0x00003d26      0x1a0 ..\obj\usb_init.o
 .debug_line    0x00003ec6      0x1ae ..\obj\main.o
 .debug_line    0x00004074        0x0 ..\obj\otgd_fs_dev.o
 .debug_line    0x00004074      0x201 ..\obj\stm32f10x_crc.o
 .debug_line    0x00004275      0x294 ..\obj\mpwm.o
 .debug_line    0x00004509      0x254 ..\obj\rcPwm.o
 .debug_line    0x0000475d      0x431 ..\obj\printf.o
 .debug_line    0x00004b8e      0x4a2 ..\obj\stm32f10x_rcc.o
 .debug_line    0x00005030      0x257 ..\obj\gpio.o
 .debug_line    0x00005287      0x19e ..\obj\motor.o
 .debug_line    0x00005425      0x289 ..\obj\stm32f10x_exti.o
 .debug_line    0x000056ae      0x508 ..\obj\stm32f10x_adc.o
 .debug_line    0x00005bb6      0x1ef ..\obj\osc.o
 .debug_line    0x00005da5      0x26b ..\obj\motorBldc.o
 .debug_line    0x00006010      0x480 ..\obj\stm32f10x_usart.o
 .debug_line    0x00006490        0x0 ..\obj\otgd_fs_int.o
 .debug_line    0x00006490      0x1c2 ..\obj\usb_sil.o
 .debug_line    0x00006652      0x32b ..\obj\syscalls.o
 .debug_line    0x0000697d        0x0 ..\obj\otgd_fs_cal.o
 .debug_line    0x0000697d      0x4be ..\obj\stm32f10x_flash.o
 .debug_line    0x00006e3b      0x2c4 ..\obj\adc.o
 .debug_line    0x000070ff       0xcd ..\obj\stm32_it.o
 .debug_line    0x000071cc      0x385 ..\obj\usb_endp.o
 .debug_line    0x00007551      0x2e8 ..\obj\stm32f10x_dma.o
 .debug_line    0x00007839      0x229 ..\obj\misc.o
 .debug_line    0x00007a62      0x219 ..\obj\stm32f10x_wwdg.o
 .debug_line    0x00007c7b      0x407 ..\obj\stm32f10x_spi.o
 .debug_line    0x00008082      0x4bc ..\obj\stm32f10x_i2c.o
 .debug_line    0x0000853e      0x1a1 ..\obj\usb_mem.o
 .debug_line    0x000086df       0x60 ..\obj\usb_vcp.o
 .debug_line    0x0000873f      0x1b6 ..\obj\usb_istr.o
 .debug_line    0x000088f5      0x268 ..\obj\stm32f10x_bkp.o
 .debug_line    0x00008b5d      0x1f2 ..\obj\stm32f10x_iwdg.o

.debug_str      0x00000000     0x6c2e
 .debug_str     0x00000000      0x2e6 ..\obj\stm32f10x_rtc.o
                                0x346 (size before relaxing)
 .debug_str     0x000002e6      0x7bc ..\obj\usb_core.o
                                0x9fd (size before relaxing)
 .debug_str     0x00000aa2       0xba ..\obj\startup_stm32f10x_ld.o
                                0x122 (size before relaxing)
 .debug_str     0x00000b5c      0xb8a ..\obj\stm32f10x_tim.o
                                0xd81 (size before relaxing)
 .debug_str     0x000016e6      0x16c ..\obj\core_cm3.o
                                0x270 (size before relaxing)
 .debug_str     0x00001852      0x1a7 ..\obj\motorDc.o
                                0x2ae (size before relaxing)
 .debug_str     0x000019f9       0x7d ..\obj\usb_int.o
                                0x190 (size before relaxing)
 .debug_str     0x00001a76       0xa0 ..\obj\stm32f10x_dbgmcu.o
                                0x1ab (size before relaxing)
 .debug_str     0x00001b16      0x171 ..\obj\system_stm32f10x.o
                                0x283 (size before relaxing)
 .debug_str     0x00001c87      0x103 ..\obj\usb_desc.o
                                0x1e5 (size before relaxing)
 .debug_str     0x00001d8a      0x409 ..\obj\usb_regs.o
                                0x519 (size before relaxing)
 .debug_str     0x00002193      0x131 ..\obj\stm32f10x_pwr.o
                                0x2b6 (size before relaxing)
 .debug_str     0x000022c4      0x52e ..\obj\stm32f10x_can.o
                                0x6d2 (size before relaxing)
 .debug_str     0x000027f2      0x722 ..\obj\hw_config.o
                                0x9a7 (size before relaxing)
 .debug_str     0x00002f14      0x27b ..\obj\stm32f10x_gpio.o
                                0x4bd (size before relaxing)
 .debug_str     0x0000318f      0x274 ..\obj\usb_prop.o
                                0x8ef (size before relaxing)
 .debug_str     0x00003403       0xf6 ..\obj\milliSecTimer.o
                                0x5a7 (size before relaxing)
 .debug_str     0x000034f9      0x12b ..\obj\usb_pwr.o
                                0x2f2 (size before relaxing)
 .debug_str     0x00003624       0x59 ..\obj\usb_init.o
                                0x4dc (size before relaxing)
 .debug_str     0x0000367d       0xe9 ..\obj\main.o
                                0x1d1 (size before relaxing)
 .debug_str     0x00003766       0xcc ..\obj\stm32f10x_crc.o
                                0x1df (size before relaxing)
 .debug_str     0x00003832      0x171 ..\obj\mpwm.o
                                0x6ea (size before relaxing)
 .debug_str     0x000039a3       0xe7 ..\obj\rcPwm.o
                                0x687 (size before relaxing)
 .debug_str     0x00003a8a      0x4bb ..\obj\printf.o
                                0x644 (size before relaxing)
 .debug_str     0x00003f45      0x3d8 ..\obj\stm32f10x_rcc.o
                                0x5be (size before relaxing)
 .debug_str     0x0000431d       0x8e ..\obj\gpio.o
                                0x1b6 (size before relaxing)
 .debug_str     0x000043ab       0xc3 ..\obj\motor.o
                                0x1e9 (size before relaxing)
 .debug_str     0x0000446e      0x1dc ..\obj\stm32f10x_exti.o
                                0x302 (size before relaxing)
 .debug_str     0x0000464a      0x536 ..\obj\stm32f10x_adc.o
                                0x69f (size before relaxing)
 .debug_str     0x00004b80       0x9f ..\obj\osc.o
                                0x1cd (size before relaxing)
 .debug_str     0x00004c1f      0x1ee ..\obj\motorBldc.o
                                0x36c (size before relaxing)
 .debug_str     0x00004e0d      0x3bf ..\obj\stm32f10x_usart.o
                                0x634 (size before relaxing)
 .debug_str     0x000051cc       0xa8 ..\obj\usb_sil.o
                                0x1c3 (size before relaxing)
 .debug_str     0x00005274      0x1b1 ..\obj\syscalls.o
                                0x6e7 (size before relaxing)
 .debug_str     0x00005425      0x411 ..\obj\stm32f10x_flash.o
                                0x58c (size before relaxing)
 .debug_str     0x00005836      0x1c5 ..\obj\adc.o
                                0x623 (size before relaxing)
 .debug_str     0x000059fb       0x73 ..\obj\stm32_it.o
                                0x14d (size before relaxing)
 .debug_str     0x00005a6e      0x104 ..\obj\usb_endp.o
                                0x33f (size before relaxing)
 .debug_str     0x00005b72      0x226 ..\obj\stm32f10x_dma.o
                                0x365 (size before relaxing)
 .debug_str     0x00005d98      0x11e ..\obj\misc.o
                                0x367 (size before relaxing)
 .debug_str     0x00005eb6       0xe6 ..\obj\stm32f10x_wwdg.o
                                0x20c (size before relaxing)
 .debug_str     0x00005f9c      0x373 ..\obj\stm32f10x_spi.o
                                0x5a1 (size before relaxing)
 .debug_str     0x0000630f      0x3c4 ..\obj\stm32f10x_i2c.o
                                0x60a (size before relaxing)
 .debug_str     0x000066d3       0x9d ..\obj\usb_mem.o
                                0x191 (size before relaxing)
 .debug_str     0x00006770       0x45 ..\obj\usb_vcp.o
                                0x11f (size before relaxing)
 .debug_str     0x000067b5       0x5b ..\obj\usb_istr.o
                                0x2a1 (size before relaxing)
 .debug_str     0x00006810      0x334 ..\obj\stm32f10x_bkp.o
                                0x559 (size before relaxing)
 .debug_str     0x00006b44       0xea ..\obj\stm32f10x_iwdg.o
                                0x200 (size before relaxing)

.comment        0x00000000       0x70
 .comment       0x00000000       0x70 ..\obj\stm32f10x_rtc.o
                                 0x71 (size before relaxing)
 .comment       0x00000000       0x71 ..\obj\otgd_fs_pcd.o
 .comment       0x00000000       0x71 ..\obj\usb_core.o
 .comment       0x00000000       0x71 ..\obj\startup_stm32f10x_ld.o
 .comment       0x00000000       0x71 ..\obj\stm32f10x_tim.o
 .comment       0x00000000       0x71 ..\obj\core_cm3.o
 .comment       0x00000000       0x71 ..\obj\motorDc.o
 .comment       0x00000000       0x71 ..\obj\usb_int.o
 .comment       0x00000000       0x71 ..\obj\stm32f10x_dbgmcu.o
 .comment       0x00000000       0x71 ..\obj\system_stm32f10x.o
 .comment       0x00000000       0x71 ..\obj\usb_desc.o
 .comment       0x00000000       0x71 ..\obj\usb_regs.o
 .comment       0x00000000       0x71 ..\obj\stm32f10x_pwr.o
 .comment       0x00000000       0x71 ..\obj\stm32f10x_can.o
 .comment       0x00000000       0x71 ..\obj\hw_config.o
 .comment       0x00000000       0x71 ..\obj\stm32f10x_gpio.o
 .comment       0x00000000       0x71 ..\obj\usb_prop.o
 .comment       0x00000000       0x71 ..\obj\milliSecTimer.o
 .comment       0x00000000       0x71 ..\obj\usb_pwr.o
 .comment       0x00000000       0x71 ..\obj\usb_init.o
 .comment       0x00000000       0x71 ..\obj\main.o
 .comment       0x00000000       0x71 ..\obj\otgd_fs_dev.o
 .comment       0x00000000       0x71 ..\obj\stm32f10x_crc.o
 .comment       0x00000000       0x71 ..\obj\mpwm.o
 .comment       0x00000000       0x71 ..\obj\rcPwm.o
 .comment       0x00000000       0x71 ..\obj\printf.o
 .comment       0x00000000       0x71 ..\obj\stm32f10x_rcc.o
 .comment       0x00000000       0x71 ..\obj\gpio.o
 .comment       0x00000000       0x71 ..\obj\motor.o
 .comment       0x00000000       0x71 ..\obj\stm32f10x_exti.o
 .comment       0x00000000       0x71 ..\obj\stm32f10x_adc.o
 .comment       0x00000000       0x71 ..\obj\osc.o
 .comment       0x00000000       0x71 ..\obj\motorBldc.o
 .comment       0x00000000       0x71 ..\obj\stm32f10x_usart.o
 .comment       0x00000000       0x71 ..\obj\otgd_fs_int.o
 .comment       0x00000000       0x71 ..\obj\usb_sil.o
 .comment       0x00000000       0x71 ..\obj\syscalls.o
 .comment       0x00000000       0x71 ..\obj\otgd_fs_cal.o
 .comment       0x00000000       0x71 ..\obj\stm32f10x_flash.o
 .comment       0x00000000       0x71 ..\obj\adc.o
 .comment       0x00000000       0x71 ..\obj\stm32_it.o
 .comment       0x00000000       0x71 ..\obj\usb_endp.o
 .comment       0x00000000       0x71 ..\obj\stm32f10x_dma.o
 .comment       0x00000000       0x71 ..\obj\misc.o
 .comment       0x00000000       0x71 ..\obj\stm32f10x_wwdg.o
 .comment       0x00000000       0x71 ..\obj\stm32f10x_spi.o
 .comment       0x00000000       0x71 ..\obj\stm32f10x_i2c.o
 .comment       0x00000000       0x71 ..\obj\usb_mem.o
 .comment       0x00000000       0x71 ..\obj\usb_vcp.o
 .comment       0x00000000       0x71 ..\obj\usb_istr.o
 .comment       0x00000000       0x71 ..\obj\stm32f10x_bkp.o
 .comment       0x00000000       0x71 ..\obj\stm32f10x_iwdg.o

.ARM.attributes
                0x00000000       0x33
 .ARM.attributes
                0x00000000       0x33 ..\obj\stm32f10x_rtc.o
 .ARM.attributes
                0x00000033       0x33 ..\obj\otgd_fs_pcd.o
 .ARM.attributes
                0x00000066       0x33 ..\obj\usb_core.o
 .ARM.attributes
                0x00000099       0x33 ..\obj\startup_stm32f10x_ld.o
 .ARM.attributes
                0x000000cc       0x33 ..\obj\stm32f10x_tim.o
 .ARM.attributes
                0x000000ff       0x33 ..\obj\core_cm3.o
 .ARM.attributes
                0x00000132       0x33 ..\obj\motorDc.o
 .ARM.attributes
                0x00000165       0x33 ..\obj\usb_int.o
 .ARM.attributes
                0x00000198       0x33 ..\obj\stm32f10x_dbgmcu.o
 .ARM.attributes
                0x000001cb       0x33 ..\obj\system_stm32f10x.o
 .ARM.attributes
                0x000001fe       0x33 ..\obj\usb_desc.o
 .ARM.attributes
                0x00000231       0x33 ..\obj\usb_regs.o
 .ARM.attributes
                0x00000264       0x33 ..\obj\stm32f10x_pwr.o
 .ARM.attributes
                0x00000297       0x33 ..\obj\stm32f10x_can.o
 .ARM.attributes
                0x000002ca       0x33 ..\obj\hw_config.o
 .ARM.attributes
                0x000002fd       0x33 ..\obj\stm32f10x_gpio.o
 .ARM.attributes
                0x00000330       0x33 ..\obj\usb_prop.o
 .ARM.attributes
                0x00000363       0x33 ..\obj\milliSecTimer.o
 .ARM.attributes
                0x00000396       0x33 ..\obj\usb_pwr.o
 .ARM.attributes
                0x000003c9       0x33 ..\obj\usb_init.o
 .ARM.attributes
                0x000003fc       0x33 ..\obj\main.o
 .ARM.attributes
                0x0000042f       0x33 ..\obj\otgd_fs_dev.o
 .ARM.attributes
                0x00000462       0x33 ..\obj\stm32f10x_crc.o
 .ARM.attributes
                0x00000495       0x33 ..\obj\mpwm.o
 .ARM.attributes
                0x000004c8       0x33 ..\obj\rcPwm.o
 .ARM.attributes
                0x000004fb       0x33 ..\obj\printf.o
 .ARM.attributes
                0x0000052e       0x33 ..\obj\stm32f10x_rcc.o
 .ARM.attributes
                0x00000561       0x33 ..\obj\gpio.o
 .ARM.attributes
                0x00000594       0x33 ..\obj\motor.o
 .ARM.attributes
                0x000005c7       0x33 ..\obj\stm32f10x_exti.o
 .ARM.attributes
                0x000005fa       0x33 ..\obj\stm32f10x_adc.o
 .ARM.attributes
                0x0000062d       0x33 ..\obj\osc.o
 .ARM.attributes
                0x00000660       0x33 ..\obj\motorBldc.o
 .ARM.attributes
                0x00000693       0x33 ..\obj\stm32f10x_usart.o
 .ARM.attributes
                0x000006c6       0x33 ..\obj\otgd_fs_int.o
 .ARM.attributes
                0x000006f9       0x33 ..\obj\usb_sil.o
 .ARM.attributes
                0x0000072c       0x33 ..\obj\syscalls.o
 .ARM.attributes
                0x0000075f       0x33 ..\obj\otgd_fs_cal.o
 .ARM.attributes
                0x00000792       0x33 ..\obj\stm32f10x_flash.o
 .ARM.attributes
                0x000007c5       0x33 ..\obj\adc.o
 .ARM.attributes
                0x000007f8       0x33 ..\obj\stm32_it.o
 .ARM.attributes
                0x0000082b       0x33 ..\obj\usb_endp.o
 .ARM.attributes
                0x0000085e       0x33 ..\obj\stm32f10x_dma.o
 .ARM.attributes
                0x00000891       0x33 ..\obj\misc.o
 .ARM.attributes
                0x000008c4       0x33 ..\obj\stm32f10x_wwdg.o
 .ARM.attributes
                0x000008f7       0x33 ..\obj\stm32f10x_spi.o
 .ARM.attributes
                0x0000092a       0x33 ..\obj\stm32f10x_i2c.o
 .ARM.attributes
                0x0000095d       0x33 ..\obj\usb_mem.o
 .ARM.attributes
                0x00000990       0x33 ..\obj\usb_vcp.o
 .ARM.attributes
                0x000009c3       0x33 ..\obj\usb_istr.o
 .ARM.attributes
                0x000009f6       0x33 ..\obj\stm32f10x_bkp.o
 .ARM.attributes
                0x00000a29       0x33 ..\obj\stm32f10x_iwdg.o
 .ARM.attributes
                0x00000a5c       0x1d c:/program files (x86)/gnu tools arm embedded/4.6 2012q4/bin/../lib/gcc/arm-none-eabi/4.6.2/armv7-m\libgcc.a(_arm_addsubdf3.o)
 .ARM.attributes
                0x00000a79       0x1d c:/program files (x86)/gnu tools arm embedded/4.6 2012q4/bin/../lib/gcc/arm-none-eabi/4.6.2/armv7-m\libgcc.a(_arm_muldivdf3.o)
 .ARM.attributes
                0x00000a96       0x1d c:/program files (x86)/gnu tools arm embedded/4.6 2012q4/bin/../lib/gcc/arm-none-eabi/4.6.2/armv7-m\libgcc.a(_arm_fixdfsi.o)
 .ARM.attributes
                0x00000ab3       0x1d c:/program files (x86)/gnu tools arm embedded/4.6 2012q4/bin/../lib/gcc/arm-none-eabi/4.6.2/armv7-m\libgcc.a(_arm_addsubsf3.o)
 .ARM.attributes
                0x00000ad0       0x1d c:/program files (x86)/gnu tools arm embedded/4.6 2012q4/bin/../lib/gcc/arm-none-eabi/4.6.2/armv7-m\libgcc.a(_arm_muldivsf3.o)
 .ARM.attributes
                0x00000aed       0x1d c:/program files (x86)/gnu tools arm embedded/4.6 2012q4/bin/../lib/gcc/arm-none-eabi/4.6.2/armv7-m\libgcc.a(_arm_cmpsf2.o)
 .ARM.attributes
                0x00000b0a       0x1d c:/program files (x86)/gnu tools arm embedded/4.6 2012q4/bin/../lib/gcc/arm-none-eabi/4.6.2/armv7-m\libgcc.a(_arm_fixunssfsi.o)
 .ARM.attributes
                0x00000b27       0x2d C:\Program Files (x86)\GNU Tools ARM Embedded\4.6 2012q4\arm-none-eabi\lib\armv7-m\libg.a(lib_a-memcpy.o)

.debug_frame    0x00000000     0x49f4
 .debug_frame   0x00000000      0x194 ..\obj\stm32f10x_rtc.o
 .debug_frame   0x00000194      0x254 ..\obj\usb_core.o
 .debug_frame   0x000003e8       0x48 ..\obj\startup_stm32f10x_ld.o
 .debug_frame   0x00000430      0xa20 ..\obj\stm32f10x_tim.o
 .debug_frame   0x00000e50      0x280 ..\obj\core_cm3.o
 .debug_frame   0x000010d0       0xb4 ..\obj\motorDc.o
 .debug_frame   0x00001184       0x50 ..\obj\usb_int.o
 .debug_frame   0x000011d4       0x5c ..\obj\stm32f10x_dbgmcu.o
 .debug_frame   0x00001230       0x80 ..\obj\system_stm32f10x.o
 .debug_frame   0x000012b0      0x684 ..\obj\usb_regs.o
 .debug_frame   0x00001934      0x140 ..\obj\stm32f10x_pwr.o
 .debug_frame   0x00001a74      0x2d4 ..\obj\stm32f10x_can.o
 .debug_frame   0x00001d48      0x17c ..\obj\hw_config.o
 .debug_frame   0x00001ec4      0x210 ..\obj\stm32f10x_gpio.o
 .debug_frame   0x000020d4      0x1a0 ..\obj\usb_prop.o
 .debug_frame   0x00002274       0x7c ..\obj\milliSecTimer.o
 .debug_frame   0x000022f0       0xac ..\obj\usb_pwr.o
 .debug_frame   0x0000239c       0x2c ..\obj\usb_init.o
 .debug_frame   0x000023c8       0x4c ..\obj\main.o
 .debug_frame   0x00002414       0xac ..\obj\stm32f10x_crc.o
 .debug_frame   0x000024c0       0xdc ..\obj\mpwm.o
 .debug_frame   0x0000259c       0x88 ..\obj\rcPwm.o
 .debug_frame   0x00002624      0x268 ..\obj\printf.o
 .debug_frame   0x0000288c      0x388 ..\obj\stm32f10x_rcc.o
 .debug_frame   0x00002c14       0x80 ..\obj\gpio.o
 .debug_frame   0x00002c94       0xc4 ..\obj\motor.o
 .debug_frame   0x00002d58       0xec ..\obj\stm32f10x_exti.o
 .debug_frame   0x00002e44      0x400 ..\obj\stm32f10x_adc.o
 .debug_frame   0x00003244       0x84 ..\obj\osc.o
 .debug_frame   0x000032c8      0x114 ..\obj\motorBldc.o
 .debug_frame   0x000033dc      0x344 ..\obj\stm32f10x_usart.o
 .debug_frame   0x00003720       0x68 ..\obj\usb_sil.o
 .debug_frame   0x00003788      0x110 ..\obj\syscalls.o
 .debug_frame   0x00003898      0x338 ..\obj\stm32f10x_flash.o
 .debug_frame   0x00003bd0      0x134 ..\obj\adc.o
 .debug_frame   0x00003d04       0x44 ..\obj\stm32_it.o
 .debug_frame   0x00003d48       0xf8 ..\obj\usb_endp.o
 .debug_frame   0x00003e40      0x144 ..\obj\stm32f10x_dma.o
 .debug_frame   0x00003f84       0x9c ..\obj\misc.o
 .debug_frame   0x00004020       0xe4 ..\obj\stm32f10x_wwdg.o
 .debug_frame   0x00004104      0x29c ..\obj\stm32f10x_spi.o
 .debug_frame   0x000043a0      0x3b4 ..\obj\stm32f10x_i2c.o
 .debug_frame   0x00004754       0x48 ..\obj\usb_mem.o
 .debug_frame   0x0000479c       0x2c ..\obj\usb_istr.o
 .debug_frame   0x000047c8      0x150 ..\obj\stm32f10x_bkp.o
 .debug_frame   0x00004918       0xb0 ..\obj\stm32f10x_iwdg.o
 .debug_frame   0x000049c8       0x2c C:\Program Files (x86)\GNU Tools ARM Embedded\4.6 2012q4\arm-none-eabi\lib\armv7-m\libg.a(lib_a-memcpy.o)
