Archive member included because of file (symbol)

c:/program files (x86)/arm-none-eabi-gcc-4_6/bin/../lib/gcc/arm-none-eabi/4.6.2/armv7-m\libgcc.a(_arm_addsubsf3.o)
                              ..\obj\mpwm.o (__aeabi_ui2f)
c:/program files (x86)/arm-none-eabi-gcc-4_6/bin/../lib/gcc/arm-none-eabi/4.6.2/armv7-m\libgcc.a(_arm_muldivsf3.o)
                              ..\obj\mpwm.o (__aeabi_fmul)
c:/program files (x86)/arm-none-eabi-gcc-4_6/bin/../lib/gcc/arm-none-eabi/4.6.2/armv7-m\libgcc.a(_arm_cmpsf2.o)
                              ..\obj\mpwm.o (__aeabi_fcmpgt)
c:/program files (x86)/arm-none-eabi-gcc-4_6/bin/../lib/gcc/arm-none-eabi/4.6.2/armv7-m\libgcc.a(_arm_fixunssfsi.o)
                              ..\obj\mpwm.o (__aeabi_f2uiz)
c:/program files (x86)/arm-none-eabi-gcc-4_6/bin/../lib/gcc/arm-none-eabi/4.6.2/../../../../arm-none-eabi/lib/armv7-m\libg.a(lib_a-memcpy.o)
                              ..\obj\motorBldc.o (memcpy)

Allocating common symbols
Common symbol       size              file

BLDC_motor          0x28              ..\obj\motorBldc.o
rcPwm               0xc               ..\obj\rcPwm.o
BLDC_command        0x4               ..\obj\motorBldc.o
MPWM_motorPhase     0x3               ..\obj\mpwm.o
adc                 0x8               ..\obj\adc.o
MSTMR_timer         0x4               ..\obj\milliSecTimer.o
oscillator          0x4               ..\obj\osc.o
motor               0x1               ..\obj\motor.o
MDC_command         0x4               ..\obj\motorDc.o
MDC_motor           0xe               ..\obj\motorDc.o

Discarded input sections

 .text          0x00000000        0x0 ..\obj\stm32f10x_rtc.o
 .data          0x00000000        0x0 ..\obj\stm32f10x_rtc.o
 .bss           0x00000000        0x0 ..\obj\stm32f10x_rtc.o
 .text.RTC_ITConfig
                0x00000000       0x60 ..\obj\stm32f10x_rtc.o
 .text.RTC_EnterConfigMode
                0x00000000       0x28 ..\obj\stm32f10x_rtc.o
 .text.RTC_ExitConfigMode
                0x00000000       0x28 ..\obj\stm32f10x_rtc.o
 .text.RTC_GetCounter
                0x00000000       0x38 ..\obj\stm32f10x_rtc.o
 .text.RTC_SetCounter
                0x00000000       0x38 ..\obj\stm32f10x_rtc.o
 .text.RTC_SetPrescaler
                0x00000000       0x3c ..\obj\stm32f10x_rtc.o
 .text.RTC_SetAlarm
                0x00000000       0x38 ..\obj\stm32f10x_rtc.o
 .text.RTC_GetDivider
                0x00000000       0x44 ..\obj\stm32f10x_rtc.o
 .text.RTC_WaitForLastTask
                0x00000000       0x20 ..\obj\stm32f10x_rtc.o
 .text.RTC_WaitForSynchro
                0x00000000       0x3c ..\obj\stm32f10x_rtc.o
 .text.RTC_GetFlagStatus
                0x00000000       0x44 ..\obj\stm32f10x_rtc.o
 .text.RTC_ClearFlag
                0x00000000       0x38 ..\obj\stm32f10x_rtc.o
 .text.RTC_GetITStatus
                0x00000000       0x60 ..\obj\stm32f10x_rtc.o
 .text.RTC_ClearITPendingBit
                0x00000000       0x38 ..\obj\stm32f10x_rtc.o
 .text          0x00000000        0x0 ..\obj\semihosting.o
 .data          0x00000000        0x0 ..\obj\semihosting.o
 .bss           0x00000000       0x44 ..\obj\semihosting.o
 .text.SH_SendChar
                0x00000000       0x98 ..\obj\semihosting.o
 .text.SH_SendString
                0x00000000       0x28 ..\obj\semihosting.o
 .text.SH_GetChar
                0x00000000       0x4c ..\obj\semihosting.o
 .text          0x00000000        0x0 ..\obj\startup_stm32f10x_ld.o
 .data          0x00000000        0x0 ..\obj\startup_stm32f10x_ld.o
 .bss           0x00000000        0x0 ..\obj\startup_stm32f10x_ld.o
 .text          0x00000000        0x0 ..\obj\stm32f10x_tim.o
 .data          0x00000000        0x0 ..\obj\stm32f10x_tim.o
 .bss           0x00000000        0x0 ..\obj\stm32f10x_tim.o
 .text.TIM_DeInit
                0x00000000      0x2b0 ..\obj\stm32f10x_tim.o
 .text.TIM_TimeBaseInit
                0x00000000      0x11c ..\obj\stm32f10x_tim.o
 .text.TIM_OC1Init
                0x00000000      0x128 ..\obj\stm32f10x_tim.o
 .text.TIM_OC2Init
                0x00000000      0x128 ..\obj\stm32f10x_tim.o
 .text.TIM_OC3Init
                0x00000000      0x120 ..\obj\stm32f10x_tim.o
 .text.TIM_OC4Init
                0x00000000       0xe0 ..\obj\stm32f10x_tim.o
 .text.TIM_ICInit
                0x00000000       0xa8 ..\obj\stm32f10x_tim.o
 .text.TIM_PWMIConfig
                0x00000000       0xc4 ..\obj\stm32f10x_tim.o
 .text.TIM_BDTRConfig
                0x00000000       0x50 ..\obj\stm32f10x_tim.o
 .text.TIM_TimeBaseStructInit
                0x00000000       0x3c ..\obj\stm32f10x_tim.o
 .text.TIM_OCStructInit
                0x00000000       0x54 ..\obj\stm32f10x_tim.o
 .text.TIM_ICStructInit
                0x00000000       0x3c ..\obj\stm32f10x_tim.o
 .text.TIM_BDTRStructInit
                0x00000000       0x4c ..\obj\stm32f10x_tim.o
 .text.TIM_Cmd  0x00000000       0x40 ..\obj\stm32f10x_tim.o
 .text.TIM_CtrlPWMOutputs
                0x00000000       0x50 ..\obj\stm32f10x_tim.o
 .text.TIM_ITConfig
                0x00000000       0x48 ..\obj\stm32f10x_tim.o
 .text.TIM_GenerateEvent
                0x00000000       0x1c ..\obj\stm32f10x_tim.o
 .text.TIM_DMAConfig
                0x00000000       0x28 ..\obj\stm32f10x_tim.o
 .text.TIM_DMACmd
                0x00000000       0x48 ..\obj\stm32f10x_tim.o
 .text.TIM_InternalClockConfig
                0x00000000       0x24 ..\obj\stm32f10x_tim.o
 .text.TIM_ITRxExternalClockConfig
                0x00000000       0x30 ..\obj\stm32f10x_tim.o
 .text.TIM_TIxExternalClockConfig
                0x00000000       0x58 ..\obj\stm32f10x_tim.o
 .text.TIM_ETRClockMode1Config
                0x00000000       0x54 ..\obj\stm32f10x_tim.o
 .text.TIM_ETRClockMode2Config
                0x00000000       0x34 ..\obj\stm32f10x_tim.o
 .text.TIM_ETRConfig
                0x00000000       0x4c ..\obj\stm32f10x_tim.o
 .text.TIM_PrescalerConfig
                0x00000000       0x28 ..\obj\stm32f10x_tim.o
 .text.TIM_CounterModeConfig
                0x00000000       0x38 ..\obj\stm32f10x_tim.o
 .text.TIM_SelectInputTrigger
                0x00000000       0x38 ..\obj\stm32f10x_tim.o
 .text.TIM_EncoderInterfaceConfig
                0x00000000       0x94 ..\obj\stm32f10x_tim.o
 .text.TIM_ForcedOC1Config
                0x00000000       0x38 ..\obj\stm32f10x_tim.o
 .text.TIM_ForcedOC2Config
                0x00000000       0x40 ..\obj\stm32f10x_tim.o
 .text.TIM_ForcedOC3Config
                0x00000000       0x38 ..\obj\stm32f10x_tim.o
 .text.TIM_ForcedOC4Config
                0x00000000       0x40 ..\obj\stm32f10x_tim.o
 .text.TIM_ARRPreloadConfig
                0x00000000       0x40 ..\obj\stm32f10x_tim.o
 .text.TIM_SelectCOM
                0x00000000       0x40 ..\obj\stm32f10x_tim.o
 .text.TIM_SelectCCDMA
                0x00000000       0x40 ..\obj\stm32f10x_tim.o
 .text.TIM_CCPreloadControl
                0x00000000       0x40 ..\obj\stm32f10x_tim.o
 .text.TIM_OC1PreloadConfig
                0x00000000       0x38 ..\obj\stm32f10x_tim.o
 .text.TIM_OC2PreloadConfig
                0x00000000       0x40 ..\obj\stm32f10x_tim.o
 .text.TIM_OC3PreloadConfig
                0x00000000       0x38 ..\obj\stm32f10x_tim.o
 .text.TIM_OC4PreloadConfig
                0x00000000       0x40 ..\obj\stm32f10x_tim.o
 .text.TIM_OC1FastConfig
                0x00000000       0x38 ..\obj\stm32f10x_tim.o
 .text.TIM_OC2FastConfig
                0x00000000       0x40 ..\obj\stm32f10x_tim.o
 .text.TIM_OC3FastConfig
                0x00000000       0x38 ..\obj\stm32f10x_tim.o
 .text.TIM_OC4FastConfig
                0x00000000       0x40 ..\obj\stm32f10x_tim.o
 .text.TIM_ClearOC1Ref
                0x00000000       0x38 ..\obj\stm32f10x_tim.o
 .text.TIM_ClearOC2Ref
                0x00000000       0x44 ..\obj\stm32f10x_tim.o
 .text.TIM_ClearOC3Ref
                0x00000000       0x38 ..\obj\stm32f10x_tim.o
 .text.TIM_ClearOC4Ref
                0x00000000       0x44 ..\obj\stm32f10x_tim.o
 .text.TIM_OC1PolarityConfig
                0x00000000       0x38 ..\obj\stm32f10x_tim.o
 .text.TIM_OC1NPolarityConfig
                0x00000000       0x38 ..\obj\stm32f10x_tim.o
 .text.TIM_OC2PolarityConfig
                0x00000000       0x40 ..\obj\stm32f10x_tim.o
 .text.TIM_OC2NPolarityConfig
                0x00000000       0x40 ..\obj\stm32f10x_tim.o
 .text.TIM_OC3PolarityConfig
                0x00000000       0x40 ..\obj\stm32f10x_tim.o
 .text.TIM_OC3NPolarityConfig
                0x00000000       0x40 ..\obj\stm32f10x_tim.o
 .text.TIM_OC4PolarityConfig
                0x00000000       0x40 ..\obj\stm32f10x_tim.o
 .text.TIM_CCxCmd
                0x00000000       0x5c ..\obj\stm32f10x_tim.o
 .text.TIM_CCxNCmd
                0x00000000       0x5c ..\obj\stm32f10x_tim.o
 .text.TIM_SelectOCxM
                0x00000000       0xbc ..\obj\stm32f10x_tim.o
 .text.TIM_UpdateDisableConfig
                0x00000000       0x40 ..\obj\stm32f10x_tim.o
 .text.TIM_UpdateRequestConfig
                0x00000000       0x40 ..\obj\stm32f10x_tim.o
 .text.TIM_SelectHallSensor
                0x00000000       0x40 ..\obj\stm32f10x_tim.o
 .text.TIM_SelectOnePulseMode
                0x00000000       0x38 ..\obj\stm32f10x_tim.o
 .text.TIM_SelectOutputTrigger
                0x00000000       0x38 ..\obj\stm32f10x_tim.o
 .text.TIM_SelectSlaveMode
                0x00000000       0x38 ..\obj\stm32f10x_tim.o
 .text.TIM_SelectMasterSlaveMode
                0x00000000       0x38 ..\obj\stm32f10x_tim.o
 .text.TIM_SetCounter
                0x00000000       0x1c ..\obj\stm32f10x_tim.o
 .text.TIM_SetAutoreload
                0x00000000       0x1c ..\obj\stm32f10x_tim.o
 .text.TIM_SetCompare1
                0x00000000       0x1c ..\obj\stm32f10x_tim.o
 .text.TIM_SetCompare2
                0x00000000       0x1c ..\obj\stm32f10x_tim.o
 .text.TIM_SetCompare3
                0x00000000       0x1c ..\obj\stm32f10x_tim.o
 .text.TIM_SetCompare4
                0x00000000       0x20 ..\obj\stm32f10x_tim.o
 .text.TIM_SetIC1Prescaler
                0x00000000       0x38 ..\obj\stm32f10x_tim.o
 .text.TIM_SetIC2Prescaler
                0x00000000       0x3c ..\obj\stm32f10x_tim.o
 .text.TIM_SetIC3Prescaler
                0x00000000       0x38 ..\obj\stm32f10x_tim.o
 .text.TIM_SetIC4Prescaler
                0x00000000       0x3c ..\obj\stm32f10x_tim.o
 .text.TIM_SetClockDivision
                0x00000000       0x38 ..\obj\stm32f10x_tim.o
 .text.TIM_GetCapture1
                0x00000000       0x1c ..\obj\stm32f10x_tim.o
 .text.TIM_GetCapture2
                0x00000000       0x1c ..\obj\stm32f10x_tim.o
 .text.TIM_GetCapture3
                0x00000000       0x1c ..\obj\stm32f10x_tim.o
 .text.TIM_GetCapture4
                0x00000000       0x1c ..\obj\stm32f10x_tim.o
 .text.TIM_GetCounter
                0x00000000       0x1c ..\obj\stm32f10x_tim.o
 .text.TIM_GetPrescaler
                0x00000000       0x1c ..\obj\stm32f10x_tim.o
 .text.TIM_GetFlagStatus
                0x00000000       0x40 ..\obj\stm32f10x_tim.o
 .text.TIM_ClearFlag
                0x00000000       0x24 ..\obj\stm32f10x_tim.o
 .text.TIM_GetITStatus
                0x00000000       0x60 ..\obj\stm32f10x_tim.o
 .text.TIM_ClearITPendingBit
                0x00000000       0x24 ..\obj\stm32f10x_tim.o
 .text.TI1_Config
                0x00000000       0xe4 ..\obj\stm32f10x_tim.o
 .text.TI2_Config
                0x00000000      0x104 ..\obj\stm32f10x_tim.o
 .text.TI3_Config
                0x00000000       0xf4 ..\obj\stm32f10x_tim.o
 .text.TI4_Config
                0x00000000      0x10c ..\obj\stm32f10x_tim.o
 .text          0x00000000        0x0 ..\obj\core_cm3.o
 .data          0x00000000        0x0 ..\obj\core_cm3.o
 .bss           0x00000000        0x0 ..\obj\core_cm3.o
 .text.__get_PSP
                0x00000000       0x10 ..\obj\core_cm3.o
 .text.__set_PSP
                0x00000000        0x8 ..\obj\core_cm3.o
 .text.__get_MSP
                0x00000000       0x10 ..\obj\core_cm3.o
 .text.__set_MSP
                0x00000000        0x8 ..\obj\core_cm3.o
 .text.__get_BASEPRI
                0x00000000       0x20 ..\obj\core_cm3.o
 .text.__set_BASEPRI
                0x00000000       0x18 ..\obj\core_cm3.o
 .text.__get_PRIMASK
                0x00000000       0x20 ..\obj\core_cm3.o
 .text.__set_PRIMASK
                0x00000000       0x18 ..\obj\core_cm3.o
 .text.__get_FAULTMASK
                0x00000000       0x20 ..\obj\core_cm3.o
 .text.__set_FAULTMASK
                0x00000000       0x18 ..\obj\core_cm3.o
 .text.__get_CONTROL
                0x00000000       0x20 ..\obj\core_cm3.o
 .text.__set_CONTROL
                0x00000000       0x18 ..\obj\core_cm3.o
 .text.__REV    0x00000000       0x24 ..\obj\core_cm3.o
 .text.__REV16  0x00000000       0x24 ..\obj\core_cm3.o
 .text.__REVSH  0x00000000       0x24 ..\obj\core_cm3.o
 .text.__RBIT   0x00000000       0x24 ..\obj\core_cm3.o
 .text.__LDREXB
                0x00000000       0x24 ..\obj\core_cm3.o
 .text.__LDREXH
                0x00000000       0x24 ..\obj\core_cm3.o
 .text.__LDREXW
                0x00000000       0x24 ..\obj\core_cm3.o
 .text.__STREXB
                0x00000000       0x2c ..\obj\core_cm3.o
 .text.__STREXH
                0x00000000       0x2c ..\obj\core_cm3.o
 .text.__STREXW
                0x00000000       0x28 ..\obj\core_cm3.o
 .text          0x00000000        0x0 ..\obj\motorDc.o
 .data          0x00000000        0x0 ..\obj\motorDc.o
 .bss           0x00000000        0x0 ..\obj\motorDc.o
 .text.MDC_getMotorState
                0x00000000       0x18 ..\obj\motorDc.o
 .text          0x00000000        0x0 ..\obj\stm32f10x_dbgmcu.o
 .data          0x00000000        0x0 ..\obj\stm32f10x_dbgmcu.o
 .bss           0x00000000        0x0 ..\obj\stm32f10x_dbgmcu.o
 .text.DBGMCU_GetREVID
                0x00000000       0x1c ..\obj\stm32f10x_dbgmcu.o
 .text.DBGMCU_GetDEVID
                0x00000000       0x20 ..\obj\stm32f10x_dbgmcu.o
 .text.DBGMCU_Config
                0x00000000       0x58 ..\obj\stm32f10x_dbgmcu.o
 .text          0x00000000        0x0 ..\obj\system_stm32f10x.o
 .data          0x00000000       0x14 ..\obj\system_stm32f10x.o
 .bss           0x00000000        0x0 ..\obj\system_stm32f10x.o
 .text.SystemCoreClockUpdate
                0x00000000      0x148 ..\obj\system_stm32f10x.o
 .text          0x00000000        0x0 ..\obj\stm32f10x_pwr.o
 .data          0x00000000        0x0 ..\obj\stm32f10x_pwr.o
 .bss           0x00000000        0x0 ..\obj\stm32f10x_pwr.o
 .text.__WFI    0x00000000        0xc ..\obj\stm32f10x_pwr.o
 .text.__WFE    0x00000000        0xc ..\obj\stm32f10x_pwr.o
 .text.PWR_DeInit
                0x00000000       0x20 ..\obj\stm32f10x_pwr.o
 .text.PWR_BackupAccessCmd
                0x00000000       0x20 ..\obj\stm32f10x_pwr.o
 .text.PWR_PVDCmd
                0x00000000       0x20 ..\obj\stm32f10x_pwr.o
 .text.PWR_PVDLevelConfig
                0x00000000       0x40 ..\obj\stm32f10x_pwr.o
 .text.PWR_WakeUpPinCmd
                0x00000000       0x20 ..\obj\stm32f10x_pwr.o
 .text.PWR_EnterSTOPMode
                0x00000000       0x84 ..\obj\stm32f10x_pwr.o
 .text.PWR_EnterSTANDBYMode
                0x00000000       0x54 ..\obj\stm32f10x_pwr.o
 .text.PWR_GetFlagStatus
                0x00000000       0x40 ..\obj\stm32f10x_pwr.o
 .text.PWR_ClearFlag
                0x00000000       0x30 ..\obj\stm32f10x_pwr.o
 .text          0x00000000        0x0 ..\obj\stm32f10x_can.o
 .data          0x00000000        0x0 ..\obj\stm32f10x_can.o
 .bss           0x00000000        0x0 ..\obj\stm32f10x_can.o
 .text.CAN_DeInit
                0x00000000       0x50 ..\obj\stm32f10x_can.o
 .text.CAN_Init
                0x00000000      0x1c0 ..\obj\stm32f10x_can.o
 .text.CAN_FilterInit
                0x00000000      0x220 ..\obj\stm32f10x_can.o
 .text.CAN_StructInit
                0x00000000       0x6c ..\obj\stm32f10x_can.o
 .text.CAN_SlaveStartBank
                0x00000000       0x90 ..\obj\stm32f10x_can.o
 .text.CAN_DBGFreeze
                0x00000000       0x38 ..\obj\stm32f10x_can.o
 .text.CAN_TTComModeCmd
                0x00000000       0x98 ..\obj\stm32f10x_can.o
 .text.CAN_Transmit
                0x00000000      0x1e4 ..\obj\stm32f10x_can.o
 .text.CAN_TransmitStatus
                0x00000000      0x114 ..\obj\stm32f10x_can.o
 .text.CAN_CancelTransmit
                0x00000000       0x50 ..\obj\stm32f10x_can.o
 .text.CAN_Receive
                0x00000000      0x1a8 ..\obj\stm32f10x_can.o
 .text.CAN_FIFORelease
                0x00000000       0x38 ..\obj\stm32f10x_can.o
 .text.CAN_MessagePending
                0x00000000       0x50 ..\obj\stm32f10x_can.o
 .text.CAN_OperatingModeRequest
                0x00000000      0x114 ..\obj\stm32f10x_can.o
 .text.CAN_Sleep
                0x00000000       0x40 ..\obj\stm32f10x_can.o
 .text.CAN_WakeUp
                0x00000000       0x5c ..\obj\stm32f10x_can.o
 .text.CAN_GetLastErrorCode
                0x00000000       0x28 ..\obj\stm32f10x_can.o
 .text.CAN_GetReceiveErrorCounter
                0x00000000       0x28 ..\obj\stm32f10x_can.o
 .text.CAN_GetLSBTransmitErrorCounter
                0x00000000       0x2c ..\obj\stm32f10x_can.o
 .text.CAN_ITConfig
                0x00000000       0x40 ..\obj\stm32f10x_can.o
 .text.CAN_GetFlagStatus
                0x00000000      0x104 ..\obj\stm32f10x_can.o
 .text.CAN_ClearFlag
                0x00000000       0x7c ..\obj\stm32f10x_can.o
 .text.CAN_GetITStatus
                0x00000000      0x1bc ..\obj\stm32f10x_can.o
 .text.CAN_ClearITPendingBit
                0x00000000       0xfc ..\obj\stm32f10x_can.o
 .text.CheckITStatus
                0x00000000       0x38 ..\obj\stm32f10x_can.o
 .text          0x00000000        0x0 ..\obj\stm32f10x_gpio.o
 .data          0x00000000        0x0 ..\obj\stm32f10x_gpio.o
 .bss           0x00000000        0x0 ..\obj\stm32f10x_gpio.o
 .text.GPIO_DeInit
                0x00000000      0x128 ..\obj\stm32f10x_gpio.o
 .text.GPIO_AFIODeInit
                0x00000000       0x20 ..\obj\stm32f10x_gpio.o
 .text.GPIO_Init
                0x00000000      0x1b0 ..\obj\stm32f10x_gpio.o
 .text.GPIO_StructInit
                0x00000000       0x2c ..\obj\stm32f10x_gpio.o
 .text.GPIO_ReadInputDataBit
                0x00000000       0x3c ..\obj\stm32f10x_gpio.o
 .text.GPIO_ReadInputData
                0x00000000       0x1c ..\obj\stm32f10x_gpio.o
 .text.GPIO_ReadOutputDataBit
                0x00000000       0x3c ..\obj\stm32f10x_gpio.o
 .text.GPIO_ReadOutputData
                0x00000000       0x1c ..\obj\stm32f10x_gpio.o
 .text.GPIO_SetBits
                0x00000000       0x1c ..\obj\stm32f10x_gpio.o
 .text.GPIO_ResetBits
                0x00000000       0x1c ..\obj\stm32f10x_gpio.o
 .text.GPIO_WriteBit
                0x00000000       0x30 ..\obj\stm32f10x_gpio.o
 .text.GPIO_Write
                0x00000000       0x1c ..\obj\stm32f10x_gpio.o
 .text.GPIO_PinLockConfig
                0x00000000       0x44 ..\obj\stm32f10x_gpio.o
 .text.GPIO_EventOutputConfig
                0x00000000       0x54 ..\obj\stm32f10x_gpio.o
 .text.GPIO_EventOutputCmd
                0x00000000       0x20 ..\obj\stm32f10x_gpio.o
 .text.GPIO_PinRemapConfig
                0x00000000      0x120 ..\obj\stm32f10x_gpio.o
 .text.GPIO_EXTILineConfig
                0x00000000       0xb4 ..\obj\stm32f10x_gpio.o
 .text.GPIO_ETH_MediaInterfaceConfig
                0x00000000       0x20 ..\obj\stm32f10x_gpio.o
 .text          0x00000000        0x0 ..\obj\milliSecTimer.o
 .data          0x00000000        0x0 ..\obj\milliSecTimer.o
 .bss           0x00000000        0x0 ..\obj\milliSecTimer.o
 .text          0x00000000        0x0 ..\obj\main.o
 .data          0x00000000        0x0 ..\obj\main.o
 .bss           0x00000000        0x0 ..\obj\main.o
 .text          0x00000000        0x0 ..\obj\stm32f10x_crc.o
 .data          0x00000000        0x0 ..\obj\stm32f10x_crc.o
 .bss           0x00000000        0x0 ..\obj\stm32f10x_crc.o
 .text.CRC_ResetDR
                0x00000000       0x18 ..\obj\stm32f10x_crc.o
 .text.CRC_CalcCRC
                0x00000000       0x2c ..\obj\stm32f10x_crc.o
 .text.CRC_CalcBlockCRC
                0x00000000       0x54 ..\obj\stm32f10x_crc.o
 .text.CRC_GetCRC
                0x00000000       0x18 ..\obj\stm32f10x_crc.o
 .text.CRC_SetIDRegister
                0x00000000       0x20 ..\obj\stm32f10x_crc.o
 .text.CRC_GetIDRegister
                0x00000000       0x18 ..\obj\stm32f10x_crc.o
 .text          0x00000000        0x0 ..\obj\mpwm.o
 .data          0x00000000        0x0 ..\obj\mpwm.o
 .bss           0x00000000        0x0 ..\obj\mpwm.o
 .text          0x00000000        0x0 ..\obj\rcPwm.o
 .data          0x00000000        0x0 ..\obj\rcPwm.o
 .bss           0x00000000        0x0 ..\obj\rcPwm.o
 .text          0x00000000        0x0 ..\obj\printf.o
 .data          0x00000000      0x430 ..\obj\printf.o
 .bss           0x00000000        0x0 ..\obj\printf.o
 .text.PrintChar
                0x00000000       0x14 ..\obj\printf.o
 .text.PutChar  0x00000000       0x24 ..\obj\printf.o
 .text.PutString
                0x00000000       0x48 ..\obj\printf.o
 .text.PutUnsignedInt
                0x00000000       0xbc ..\obj\printf.o
 .text.PutSignedInt
                0x00000000      0x130 ..\obj\printf.o
 .text.PutHexa  0x00000000       0xe8 ..\obj\printf.o
 .text.vsnprintf
                0x00000000      0x2b0 ..\obj\printf.o
 .text.snprintf
                0x00000000       0x34 ..\obj\printf.o
 .text.vsprintf
                0x00000000       0x28 ..\obj\printf.o
 .rodata        0x00000000       0x24 ..\obj\printf.o
 .text.vfprintf
                0x00000000       0x6c ..\obj\printf.o
 .text.vprintf  0x00000000       0x2c ..\obj\printf.o
 .text.fprintf  0x00000000       0x30 ..\obj\printf.o
 .text.printf   0x00000000       0x2c ..\obj\printf.o
 .text.sprintf  0x00000000       0x30 ..\obj\printf.o
 .text.puts     0x00000000       0x28 ..\obj\printf.o
 .text.fputc    0x00000000       0x4c ..\obj\printf.o
 .text.fputs    0x00000000       0x50 ..\obj\printf.o
 .text          0x00000000        0x0 ..\obj\stm32f10x_rcc.o
 .data          0x00000000       0x14 ..\obj\stm32f10x_rcc.o
 .bss           0x00000000        0x0 ..\obj\stm32f10x_rcc.o
 .text.RCC_HSEConfig
                0x00000000       0x88 ..\obj\stm32f10x_rcc.o
 .text.RCC_WaitForHSEStartUp
                0x00000000       0x64 ..\obj\stm32f10x_rcc.o
 .text.RCC_AdjustHSICalibrationValue
                0x00000000       0x48 ..\obj\stm32f10x_rcc.o
 .text.RCC_HSICmd
                0x00000000       0x20 ..\obj\stm32f10x_rcc.o
 .text.RCC_PLLConfig
                0x00000000       0x48 ..\obj\stm32f10x_rcc.o
 .text.RCC_PLLCmd
                0x00000000       0x20 ..\obj\stm32f10x_rcc.o
 .text.RCC_SYSCLKConfig
                0x00000000       0x40 ..\obj\stm32f10x_rcc.o
 .text.RCC_GetSYSCLKSource
                0x00000000       0x20 ..\obj\stm32f10x_rcc.o
 .text.RCC_HCLKConfig
                0x00000000       0x40 ..\obj\stm32f10x_rcc.o
 .text.RCC_PCLK1Config
                0x00000000       0x40 ..\obj\stm32f10x_rcc.o
 .text.RCC_PCLK2Config
                0x00000000       0x44 ..\obj\stm32f10x_rcc.o
 .text.RCC_ITConfig
                0x00000000       0x60 ..\obj\stm32f10x_rcc.o
 .text.RCC_USBCLKConfig
                0x00000000       0x20 ..\obj\stm32f10x_rcc.o
 .text.RCC_ADCCLKConfig
                0x00000000       0x40 ..\obj\stm32f10x_rcc.o
 .text.RCC_LSEConfig
                0x00000000       0x60 ..\obj\stm32f10x_rcc.o
 .text.RCC_LSICmd
                0x00000000       0x20 ..\obj\stm32f10x_rcc.o
 .text.RCC_RTCCLKConfig
                0x00000000       0x2c ..\obj\stm32f10x_rcc.o
 .text.RCC_RTCCLKCmd
                0x00000000       0x20 ..\obj\stm32f10x_rcc.o
 .text.RCC_GetClocksFreq
                0x00000000      0x1d4 ..\obj\stm32f10x_rcc.o
 .text.RCC_AHBPeriphClockCmd
                0x00000000       0x58 ..\obj\stm32f10x_rcc.o
 .text.RCC_APB2PeriphClockCmd
                0x00000000       0x58 ..\obj\stm32f10x_rcc.o
 .text.RCC_APB2PeriphResetCmd
                0x00000000       0x58 ..\obj\stm32f10x_rcc.o
 .text.RCC_APB1PeriphResetCmd
                0x00000000       0x58 ..\obj\stm32f10x_rcc.o
 .text.RCC_BackupResetCmd
                0x00000000       0x20 ..\obj\stm32f10x_rcc.o
 .text.RCC_ClockSecuritySystemCmd
                0x00000000       0x20 ..\obj\stm32f10x_rcc.o
 .text.RCC_MCOConfig
                0x00000000       0x20 ..\obj\stm32f10x_rcc.o
 .text.RCC_GetFlagStatus
                0x00000000       0x90 ..\obj\stm32f10x_rcc.o
 .text.RCC_ClearFlag
                0x00000000       0x24 ..\obj\stm32f10x_rcc.o
 .text.RCC_GetITStatus
                0x00000000       0x40 ..\obj\stm32f10x_rcc.o
 .text.RCC_ClearITPendingBit
                0x00000000       0x20 ..\obj\stm32f10x_rcc.o
 .text          0x00000000        0x0 ..\obj\gpio.o
 .data          0x00000000        0x0 ..\obj\gpio.o
 .bss           0x00000000        0x0 ..\obj\gpio.o
 .text.GPIO_setOutputPin
                0x00000000       0x70 ..\obj\gpio.o
 .text          0x00000000        0x0 ..\obj\motor.o
 .data          0x00000000        0x0 ..\obj\motor.o
 .bss           0x00000000        0x0 ..\obj\motor.o
 .text          0x00000000        0x0 ..\obj\stm32f10x_exti.o
 .data          0x00000000        0x0 ..\obj\stm32f10x_exti.o
 .bss           0x00000000        0x0 ..\obj\stm32f10x_exti.o
 .text.EXTI_DeInit
                0x00000000       0x54 ..\obj\stm32f10x_exti.o
 .text.EXTI_Init
                0x00000000      0x144 ..\obj\stm32f10x_exti.o
 .text.EXTI_StructInit
                0x00000000       0x34 ..\obj\stm32f10x_exti.o
 .text.EXTI_GenerateSWInterrupt
                0x00000000       0x2c ..\obj\stm32f10x_exti.o
 .text.EXTI_GetFlagStatus
                0x00000000       0x40 ..\obj\stm32f10x_exti.o
 .text.EXTI_ClearFlag
                0x00000000       0x20 ..\obj\stm32f10x_exti.o
 .text.EXTI_GetITStatus
                0x00000000       0x5c ..\obj\stm32f10x_exti.o
 .text.EXTI_ClearITPendingBit
                0x00000000       0x20 ..\obj\stm32f10x_exti.o
 .text          0x00000000        0x0 ..\obj\stm32f10x_adc.o
 .data          0x00000000        0x0 ..\obj\stm32f10x_adc.o
 .bss           0x00000000        0x0 ..\obj\stm32f10x_adc.o
 .text.ADC_DeInit
                0x00000000       0x88 ..\obj\stm32f10x_adc.o
 .text.ADC_Init
                0x00000000       0xb0 ..\obj\stm32f10x_adc.o
 .text.ADC_StructInit
                0x00000000       0x44 ..\obj\stm32f10x_adc.o
 .text.ADC_Cmd  0x00000000       0x38 ..\obj\stm32f10x_adc.o
 .text.ADC_DMACmd
                0x00000000       0x38 ..\obj\stm32f10x_adc.o
 .text.ADC_ITConfig
                0x00000000       0x4c ..\obj\stm32f10x_adc.o
 .text.ADC_ResetCalibration
                0x00000000       0x20 ..\obj\stm32f10x_adc.o
 .text.ADC_GetResetCalibrationStatus
                0x00000000       0x38 ..\obj\stm32f10x_adc.o
 .text.ADC_StartCalibration
                0x00000000       0x20 ..\obj\stm32f10x_adc.o
 .text.ADC_GetCalibrationStatus
                0x00000000       0x38 ..\obj\stm32f10x_adc.o
 .text.ADC_SoftwareStartConvCmd
                0x00000000       0x38 ..\obj\stm32f10x_adc.o
 .text.ADC_GetSoftwareStartConvStatus
                0x00000000       0x38 ..\obj\stm32f10x_adc.o
 .text.ADC_DiscModeChannelCountConfig
                0x00000000       0x4c ..\obj\stm32f10x_adc.o
 .text.ADC_DiscModeCmd
                0x00000000       0x38 ..\obj\stm32f10x_adc.o
 .text.ADC_RegularChannelConfig
                0x00000000      0x1bc ..\obj\stm32f10x_adc.o
 .text.ADC_ExternalTrigConvCmd
                0x00000000       0x38 ..\obj\stm32f10x_adc.o
 .text.ADC_GetConversionValue
                0x00000000       0x1c ..\obj\stm32f10x_adc.o
 .text.ADC_GetDualModeConversionValue
                0x00000000       0x18 ..\obj\stm32f10x_adc.o
 .text.ADC_AutoInjectedConvCmd
                0x00000000       0x38 ..\obj\stm32f10x_adc.o
 .text.ADC_InjectedDiscModeCmd
                0x00000000       0x38 ..\obj\stm32f10x_adc.o
 .text.ADC_ExternalTrigInjectedConvConfig
                0x00000000       0x38 ..\obj\stm32f10x_adc.o
 .text.ADC_ExternalTrigInjectedConvCmd
                0x00000000       0x38 ..\obj\stm32f10x_adc.o
 .text.ADC_SoftwareStartInjectedConvCmd
                0x00000000       0x38 ..\obj\stm32f10x_adc.o
 .text.ADC_GetSoftwareStartInjectedConvCmdStatus
                0x00000000       0x38 ..\obj\stm32f10x_adc.o
 .text.ADC_InjectedChannelConfig
                0x00000000      0x144 ..\obj\stm32f10x_adc.o
 .text.ADC_InjectedSequencerLengthConfig
                0x00000000       0x4c ..\obj\stm32f10x_adc.o
 .text.ADC_SetInjectedOffset
                0x00000000       0x34 ..\obj\stm32f10x_adc.o
 .text.ADC_GetInjectedConversionValue
                0x00000000       0x34 ..\obj\stm32f10x_adc.o
 .text.ADC_AnalogWatchdogCmd
                0x00000000       0x3c ..\obj\stm32f10x_adc.o
 .text.ADC_AnalogWatchdogThresholdsConfig
                0x00000000       0x28 ..\obj\stm32f10x_adc.o
 .text.ADC_AnalogWatchdogSingleChannelConfig
                0x00000000       0x38 ..\obj\stm32f10x_adc.o
 .text.ADC_TempSensorVrefintCmd
                0x00000000       0x4c ..\obj\stm32f10x_adc.o
 .text.ADC_GetFlagStatus
                0x00000000       0x3c ..\obj\stm32f10x_adc.o
 .text.ADC_ClearFlag
                0x00000000       0x20 ..\obj\stm32f10x_adc.o
 .text.ADC_GetITStatus
                0x00000000       0x68 ..\obj\stm32f10x_adc.o
 .text.ADC_ClearITPendingBit
                0x00000000       0x30 ..\obj\stm32f10x_adc.o
 .text          0x00000000        0x0 ..\obj\osc.o
 .data          0x00000000        0x0 ..\obj\osc.o
 .bss           0x00000000        0x0 ..\obj\osc.o
 .text.OSC_initHsiClock
                0x00000000      0x12c ..\obj\osc.o
 .text          0x00000000        0x0 ..\obj\motorBldc.o
 .data          0x00000000        0x0 ..\obj\motorBldc.o
 .text.BLDC_getMotorState
                0x00000000       0x18 ..\obj\motorBldc.o
 .text          0x00000000        0x0 ..\obj\stm32f10x_usart.o
 .data          0x00000000        0x0 ..\obj\stm32f10x_usart.o
 .bss           0x00000000        0x0 ..\obj\stm32f10x_usart.o
 .text.USART_DeInit
                0x00000000       0xd8 ..\obj\stm32f10x_usart.o
 .text.USART_Init
                0x00000000      0x1ac ..\obj\stm32f10x_usart.o
 .text.USART_StructInit
                0x00000000       0x44 ..\obj\stm32f10x_usart.o
 .text.USART_ClockInit
                0x00000000       0x58 ..\obj\stm32f10x_usart.o
 .text.USART_ClockStructInit
                0x00000000       0x34 ..\obj\stm32f10x_usart.o
 .text.USART_Cmd
                0x00000000       0x40 ..\obj\stm32f10x_usart.o
 .text.USART_ITConfig
                0x00000000       0xa4 ..\obj\stm32f10x_usart.o
 .text.USART_DMACmd
                0x00000000       0x48 ..\obj\stm32f10x_usart.o
 .text.USART_SetAddress
                0x00000000       0x38 ..\obj\stm32f10x_usart.o
 .text.USART_WakeUpConfig
                0x00000000       0x38 ..\obj\stm32f10x_usart.o
 .text.USART_ReceiverWakeUpCmd
                0x00000000       0x40 ..\obj\stm32f10x_usart.o
 .text.USART_LINBreakDetectLengthConfig
                0x00000000       0x38 ..\obj\stm32f10x_usart.o
 .text.USART_LINCmd
                0x00000000       0x40 ..\obj\stm32f10x_usart.o
 .text.USART_SendData
                0x00000000       0x28 ..\obj\stm32f10x_usart.o
 .text.USART_ReceiveData
                0x00000000       0x24 ..\obj\stm32f10x_usart.o
 .text.USART_SendBreak
                0x00000000       0x24 ..\obj\stm32f10x_usart.o
 .text.USART_SetGuardTime
                0x00000000       0x3c ..\obj\stm32f10x_usart.o
 .text.USART_SetPrescaler
                0x00000000       0x38 ..\obj\stm32f10x_usart.o
 .text.USART_SmartCardCmd
                0x00000000       0x40 ..\obj\stm32f10x_usart.o
 .text.USART_SmartCardNACKCmd
                0x00000000       0x40 ..\obj\stm32f10x_usart.o
 .text.USART_HalfDuplexCmd
                0x00000000       0x40 ..\obj\stm32f10x_usart.o
 .text.USART_OverSampling8Cmd
                0x00000000       0x48 ..\obj\stm32f10x_usart.o
 .text.USART_OneBitMethodCmd
                0x00000000       0x40 ..\obj\stm32f10x_usart.o
 .text.USART_IrDAConfig
                0x00000000       0x38 ..\obj\stm32f10x_usart.o
 .text.USART_IrDACmd
                0x00000000       0x40 ..\obj\stm32f10x_usart.o
 .text.USART_GetFlagStatus
                0x00000000       0x40 ..\obj\stm32f10x_usart.o
 .text.USART_ClearFlag
                0x00000000       0x24 ..\obj\stm32f10x_usart.o
 .text.USART_GetITStatus
                0x00000000       0xc4 ..\obj\stm32f10x_usart.o
 .text.USART_ClearITPendingBit
                0x00000000       0x44 ..\obj\stm32f10x_usart.o
 .data          0x00000000        0x0 ..\obj\sh_cmd.o
 .bss           0x00000000        0x0 ..\obj\sh_cmd.o
 .text          0x00000000        0x0 ..\obj\syscalls.o
 .data          0x00000000        0x0 ..\obj\syscalls.o
 .bss           0x00000000        0x4 ..\obj\syscalls.o
 .text._sbrk    0x00000000       0x5c ..\obj\syscalls.o
 .text.link     0x00000000       0x1c ..\obj\syscalls.o
 .text._close   0x00000000       0x18 ..\obj\syscalls.o
 .text._fstat   0x00000000       0x24 ..\obj\syscalls.o
 .text._isatty  0x00000000       0x18 ..\obj\syscalls.o
 .text._lseek   0x00000000       0x1c ..\obj\syscalls.o
 .text._read    0x00000000       0x1c ..\obj\syscalls.o
 .text._write   0x00000000       0x1c ..\obj\syscalls.o
 .text.abort    0x00000000        0x8 ..\obj\syscalls.o
 .text          0x00000000        0x0 ..\obj\stm32f10x_flash.o
 .data          0x00000000        0x0 ..\obj\stm32f10x_flash.o
 .bss           0x00000000        0x0 ..\obj\stm32f10x_flash.o
 .text.FLASH_HalfCycleAccessCmd
                0x00000000       0x44 ..\obj\stm32f10x_flash.o
 .text.FLASH_Unlock
                0x00000000       0x30 ..\obj\stm32f10x_flash.o
 .text.FLASH_UnlockBank1
                0x00000000       0x30 ..\obj\stm32f10x_flash.o
 .text.FLASH_Lock
                0x00000000       0x24 ..\obj\stm32f10x_flash.o
 .text.FLASH_LockBank1
                0x00000000       0x24 ..\obj\stm32f10x_flash.o
 .text.FLASH_ErasePage
                0x00000000       0x90 ..\obj\stm32f10x_flash.o
 .text.FLASH_EraseAllPages
                0x00000000       0x84 ..\obj\stm32f10x_flash.o
 .text.FLASH_EraseAllBank1Pages
                0x00000000       0x84 ..\obj\stm32f10x_flash.o
 .text.FLASH_EraseOptionBytes
                0x00000000      0x138 ..\obj\stm32f10x_flash.o
 .text.FLASH_ProgramWord
                0x00000000       0xc0 ..\obj\stm32f10x_flash.o
 .text.FLASH_ProgramHalfWord
                0x00000000       0x78 ..\obj\stm32f10x_flash.o
 .text.FLASH_ProgramOptionByteData
                0x00000000       0xa4 ..\obj\stm32f10x_flash.o
 .text.FLASH_EnableWriteProtection
                0x00000000      0x15c ..\obj\stm32f10x_flash.o
 .text.FLASH_ReadOutProtection
                0x00000000      0x140 ..\obj\stm32f10x_flash.o
 .text.FLASH_UserOptionByteConfig
                0x00000000       0xc0 ..\obj\stm32f10x_flash.o
 .text.FLASH_GetUserOptionByte
                0x00000000       0x1c ..\obj\stm32f10x_flash.o
 .text.FLASH_GetWriteProtectionOptionByte
                0x00000000       0x18 ..\obj\stm32f10x_flash.o
 .text.FLASH_GetReadOutProtectionStatus
                0x00000000       0x3c ..\obj\stm32f10x_flash.o
 .text.FLASH_GetPrefetchBufferStatus
                0x00000000       0x3c ..\obj\stm32f10x_flash.o
 .text.FLASH_ITConfig
                0x00000000       0x58 ..\obj\stm32f10x_flash.o
 .text.FLASH_GetFlagStatus
                0x00000000       0x68 ..\obj\stm32f10x_flash.o
 .text.FLASH_ClearFlag
                0x00000000       0x20 ..\obj\stm32f10x_flash.o
 .text.FLASH_GetStatus
                0x00000000       0x70 ..\obj\stm32f10x_flash.o
 .text.FLASH_GetBank1Status
                0x00000000       0x70 ..\obj\stm32f10x_flash.o
 .text.FLASH_WaitForLastOperation
                0x00000000       0x4c ..\obj\stm32f10x_flash.o
 .text.FLASH_WaitForLastBank1Operation
                0x00000000       0x4c ..\obj\stm32f10x_flash.o
 .text          0x00000000        0x0 ..\obj\adc.o
 .data          0x00000000        0x0 ..\obj\adc.o
 .text.ADC_initAdc2Interrupt
                0x00000000       0x38 ..\obj\adc.o
 .text.ADC_deinitAdc1Interrupt
                0x00000000       0x30 ..\obj\adc.o
 .text.ADC_deinitAdc2Interrupt
                0x00000000       0x30 ..\obj\adc.o
 COMMON         0x00000000        0x8 ..\obj\adc.o
 .text          0x00000000        0x0 ..\obj\stm32f10x_dma.o
 .data          0x00000000        0x0 ..\obj\stm32f10x_dma.o
 .bss           0x00000000        0x0 ..\obj\stm32f10x_dma.o
 .text.DMA_DeInit
                0x00000000      0x220 ..\obj\stm32f10x_dma.o
 .text.DMA_Init
                0x00000000       0x80 ..\obj\stm32f10x_dma.o
 .text.DMA_StructInit
                0x00000000       0x6c ..\obj\stm32f10x_dma.o
 .text.DMA_Cmd  0x00000000       0x3c ..\obj\stm32f10x_dma.o
 .text.DMA_ITConfig
                0x00000000       0x40 ..\obj\stm32f10x_dma.o
 .text.DMA_SetCurrDataCounter
                0x00000000       0x1c ..\obj\stm32f10x_dma.o
 .text.DMA_GetCurrDataCounter
                0x00000000       0x1c ..\obj\stm32f10x_dma.o
 .text.DMA_GetFlagStatus
                0x00000000       0x60 ..\obj\stm32f10x_dma.o
 .text.DMA_ClearFlag
                0x00000000       0x38 ..\obj\stm32f10x_dma.o
 .text.DMA_GetITStatus
                0x00000000       0x60 ..\obj\stm32f10x_dma.o
 .text.DMA_ClearITPendingBit
                0x00000000       0x38 ..\obj\stm32f10x_dma.o
 .text          0x00000000        0x0 ..\obj\misc.o
 .data          0x00000000        0x0 ..\obj\misc.o
 .bss           0x00000000        0x0 ..\obj\misc.o
 .text.NVIC_PriorityGroupConfig
                0x00000000       0x28 ..\obj\misc.o
 .text.NVIC_SetVectorTable
                0x00000000       0x2c ..\obj\misc.o
 .text.NVIC_SystemLPConfig
                0x00000000       0x58 ..\obj\misc.o
 .text.SysTick_CLKSourceConfig
                0x00000000       0x4c ..\obj\misc.o
 .text          0x00000000        0x0 ..\obj\stm32f10x_wwdg.o
 .data          0x00000000        0x0 ..\obj\stm32f10x_wwdg.o
 .bss           0x00000000        0x0 ..\obj\stm32f10x_wwdg.o
 .text.WWDG_DeInit
                0x00000000       0x20 ..\obj\stm32f10x_wwdg.o
 .text.WWDG_SetPrescaler
                0x00000000       0x3c ..\obj\stm32f10x_wwdg.o
 .text.WWDG_SetWindowValue
                0x00000000       0x44 ..\obj\stm32f10x_wwdg.o
 .text.WWDG_EnableIT
                0x00000000       0x18 ..\obj\stm32f10x_wwdg.o
 .text.WWDG_SetCounter
                0x00000000       0x24 ..\obj\stm32f10x_wwdg.o
 .text.WWDG_Enable
                0x00000000       0x28 ..\obj\stm32f10x_wwdg.o
 .text.WWDG_GetFlagStatus
                0x00000000       0x18 ..\obj\stm32f10x_wwdg.o
 .text.WWDG_ClearFlag
                0x00000000       0x18 ..\obj\stm32f10x_wwdg.o
 .text          0x00000000        0x0 ..\obj\stm32f10x_spi.o
 .data          0x00000000        0x0 ..\obj\stm32f10x_spi.o
 .bss           0x00000000        0x0 ..\obj\stm32f10x_spi.o
 .text.SPI_I2S_DeInit
                0x00000000       0x88 ..\obj\stm32f10x_spi.o
 .text.SPI_Init
                0x00000000       0x88 ..\obj\stm32f10x_spi.o
 .text.I2S_Init
                0x00000000      0x198 ..\obj\stm32f10x_spi.o
 .text.SPI_StructInit
                0x00000000       0x5c ..\obj\stm32f10x_spi.o
 .text.I2S_StructInit
                0x00000000       0x44 ..\obj\stm32f10x_spi.o
 .text.SPI_Cmd  0x00000000       0x40 ..\obj\stm32f10x_spi.o
 .text.I2S_Cmd  0x00000000       0x40 ..\obj\stm32f10x_spi.o
 .text.SPI_I2S_ITConfig
                0x00000000       0x6c ..\obj\stm32f10x_spi.o
 .text.SPI_I2S_DMACmd
                0x00000000       0x48 ..\obj\stm32f10x_spi.o
 .text.SPI_I2S_SendData
                0x00000000       0x1c ..\obj\stm32f10x_spi.o
 .text.SPI_I2S_ReceiveData
                0x00000000       0x1c ..\obj\stm32f10x_spi.o
 .text.SPI_NSSInternalSoftwareConfig
                0x00000000       0x44 ..\obj\stm32f10x_spi.o
 .text.SPI_SSOutputCmd
                0x00000000       0x40 ..\obj\stm32f10x_spi.o
 .text.SPI_DataSizeConfig
                0x00000000       0x38 ..\obj\stm32f10x_spi.o
 .text.SPI_TransmitCRC
                0x00000000       0x24 ..\obj\stm32f10x_spi.o
 .text.SPI_CalculateCRC
                0x00000000       0x40 ..\obj\stm32f10x_spi.o
 .text.SPI_GetCRC
                0x00000000       0x34 ..\obj\stm32f10x_spi.o
 .text.SPI_GetCRCPolynomial
                0x00000000       0x1c ..\obj\stm32f10x_spi.o
 .text.SPI_BiDirectionalLineConfig
                0x00000000       0x40 ..\obj\stm32f10x_spi.o
 .text.SPI_I2S_GetFlagStatus
                0x00000000       0x40 ..\obj\stm32f10x_spi.o
 .text.SPI_I2S_ClearFlag
                0x00000000       0x24 ..\obj\stm32f10x_spi.o
 .text.SPI_I2S_GetITStatus
                0x00000000       0x88 ..\obj\stm32f10x_spi.o
 .text.SPI_I2S_ClearITPendingBit
                0x00000000       0x38 ..\obj\stm32f10x_spi.o
 .text          0x00000000        0x0 ..\obj\stm32f10x_i2c.o
 .data          0x00000000        0x0 ..\obj\stm32f10x_i2c.o
 .bss           0x00000000        0x0 ..\obj\stm32f10x_i2c.o
 .text.I2C_DeInit
                0x00000000       0x50 ..\obj\stm32f10x_i2c.o
 .text.I2C_Init
                0x00000000      0x1ac ..\obj\stm32f10x_i2c.o
 .text.I2C_StructInit
                0x00000000       0x44 ..\obj\stm32f10x_i2c.o
 .text.I2C_Cmd  0x00000000       0x40 ..\obj\stm32f10x_i2c.o
 .text.I2C_DMACmd
                0x00000000       0x40 ..\obj\stm32f10x_i2c.o
 .text.I2C_DMALastTransferCmd
                0x00000000       0x40 ..\obj\stm32f10x_i2c.o
 .text.I2C_GenerateSTART
                0x00000000       0x40 ..\obj\stm32f10x_i2c.o
 .text.I2C_GenerateSTOP
                0x00000000       0x40 ..\obj\stm32f10x_i2c.o
 .text.I2C_AcknowledgeConfig
                0x00000000       0x40 ..\obj\stm32f10x_i2c.o
 .text.I2C_OwnAddress2Config
                0x00000000       0x44 ..\obj\stm32f10x_i2c.o
 .text.I2C_DualAddressCmd
                0x00000000       0x40 ..\obj\stm32f10x_i2c.o
 .text.I2C_GeneralCallCmd
                0x00000000       0x40 ..\obj\stm32f10x_i2c.o
 .text.I2C_ITConfig
                0x00000000       0x48 ..\obj\stm32f10x_i2c.o
 .text.I2C_SendData
                0x00000000       0x20 ..\obj\stm32f10x_i2c.o
 .text.I2C_ReceiveData
                0x00000000       0x1c ..\obj\stm32f10x_i2c.o
 .text.I2C_Send7bitAddress
                0x00000000       0x3c ..\obj\stm32f10x_i2c.o
 .text.I2C_ReadRegister
                0x00000000       0x30 ..\obj\stm32f10x_i2c.o
 .text.I2C_SoftwareResetCmd
                0x00000000       0x48 ..\obj\stm32f10x_i2c.o
 .text.I2C_NACKPositionConfig
                0x00000000       0x40 ..\obj\stm32f10x_i2c.o
 .text.I2C_SMBusAlertConfig
                0x00000000       0x40 ..\obj\stm32f10x_i2c.o
 .text.I2C_TransmitPEC
                0x00000000       0x40 ..\obj\stm32f10x_i2c.o
 .text.I2C_PECPositionConfig
                0x00000000       0x40 ..\obj\stm32f10x_i2c.o
 .text.I2C_CalculatePEC
                0x00000000       0x40 ..\obj\stm32f10x_i2c.o
 .text.I2C_GetPEC
                0x00000000       0x24 ..\obj\stm32f10x_i2c.o
 .text.I2C_ARPCmd
                0x00000000       0x40 ..\obj\stm32f10x_i2c.o
 .text.I2C_StretchClockCmd
                0x00000000       0x40 ..\obj\stm32f10x_i2c.o
 .text.I2C_FastModeDutyCycleConfig
                0x00000000       0x40 ..\obj\stm32f10x_i2c.o
 .text.I2C_CheckEvent
                0x00000000       0x70 ..\obj\stm32f10x_i2c.o
 .text.I2C_GetLastEvent
                0x00000000       0x4c ..\obj\stm32f10x_i2c.o
 .text.I2C_GetFlagStatus
                0x00000000       0x78 ..\obj\stm32f10x_i2c.o
 .text.I2C_ClearFlag
                0x00000000       0x30 ..\obj\stm32f10x_i2c.o
 .text.I2C_GetITStatus
                0x00000000       0x64 ..\obj\stm32f10x_i2c.o
 .text.I2C_ClearITPendingBit
                0x00000000       0x30 ..\obj\stm32f10x_i2c.o
 .text          0x00000000        0x0 ..\obj\stm32f10x_bkp.o
 .data          0x00000000        0x0 ..\obj\stm32f10x_bkp.o
 .bss           0x00000000        0x0 ..\obj\stm32f10x_bkp.o
 .text.BKP_DeInit
                0x00000000       0x18 ..\obj\stm32f10x_bkp.o
 .text.BKP_TamperPinLevelConfig
                0x00000000       0x20 ..\obj\stm32f10x_bkp.o
 .text.BKP_TamperPinCmd
                0x00000000       0x20 ..\obj\stm32f10x_bkp.o
 .text.BKP_ITConfig
                0x00000000       0x20 ..\obj\stm32f10x_bkp.o
 .text.BKP_RTCOutputConfig
                0x00000000       0x44 ..\obj\stm32f10x_bkp.o
 .text.BKP_SetRTCCalibrationValue
                0x00000000       0x44 ..\obj\stm32f10x_bkp.o
 .text.BKP_WriteBackupRegister
                0x00000000       0x38 ..\obj\stm32f10x_bkp.o
 .text.BKP_ReadBackupRegister
                0x00000000       0x34 ..\obj\stm32f10x_bkp.o
 .text.BKP_GetFlagStatus
                0x00000000       0x18 ..\obj\stm32f10x_bkp.o
 .text.BKP_ClearFlag
                0x00000000       0x28 ..\obj\stm32f10x_bkp.o
 .text.BKP_GetITStatus
                0x00000000       0x18 ..\obj\stm32f10x_bkp.o
 .text.BKP_ClearITPendingBit
                0x00000000       0x28 ..\obj\stm32f10x_bkp.o
 .text          0x00000000        0x0 ..\obj\stm32f10x_iwdg.o
 .data          0x00000000        0x0 ..\obj\stm32f10x_iwdg.o
 .bss           0x00000000        0x0 ..\obj\stm32f10x_iwdg.o
 .text.IWDG_WriteAccessCmd
                0x00000000       0x20 ..\obj\stm32f10x_iwdg.o
 .text.IWDG_SetPrescaler
                0x00000000       0x20 ..\obj\stm32f10x_iwdg.o
 .text.IWDG_SetReload
                0x00000000       0x20 ..\obj\stm32f10x_iwdg.o
 .text.IWDG_ReloadCounter
                0x00000000       0x18 ..\obj\stm32f10x_iwdg.o
 .text.IWDG_Enable
                0x00000000       0x18 ..\obj\stm32f10x_iwdg.o
 .text.IWDG_GetFlagStatus
                0x00000000       0x40 ..\obj\stm32f10x_iwdg.o
 .data          0x00000000        0x0 c:/program files (x86)/arm-none-eabi-gcc-4_6/bin/../lib/gcc/arm-none-eabi/4.6.2/armv7-m\libgcc.a(_arm_addsubsf3.o)
 .bss           0x00000000        0x0 c:/program files (x86)/arm-none-eabi-gcc-4_6/bin/../lib/gcc/arm-none-eabi/4.6.2/armv7-m\libgcc.a(_arm_addsubsf3.o)
 .data          0x00000000        0x0 c:/program files (x86)/arm-none-eabi-gcc-4_6/bin/../lib/gcc/arm-none-eabi/4.6.2/armv7-m\libgcc.a(_arm_muldivsf3.o)
 .bss           0x00000000        0x0 c:/program files (x86)/arm-none-eabi-gcc-4_6/bin/../lib/gcc/arm-none-eabi/4.6.2/armv7-m\libgcc.a(_arm_muldivsf3.o)
 .data          0x00000000        0x0 c:/program files (x86)/arm-none-eabi-gcc-4_6/bin/../lib/gcc/arm-none-eabi/4.6.2/armv7-m\libgcc.a(_arm_cmpsf2.o)
 .bss           0x00000000        0x0 c:/program files (x86)/arm-none-eabi-gcc-4_6/bin/../lib/gcc/arm-none-eabi/4.6.2/armv7-m\libgcc.a(_arm_cmpsf2.o)
 .data          0x00000000        0x0 c:/program files (x86)/arm-none-eabi-gcc-4_6/bin/../lib/gcc/arm-none-eabi/4.6.2/armv7-m\libgcc.a(_arm_fixunssfsi.o)
 .bss           0x00000000        0x0 c:/program files (x86)/arm-none-eabi-gcc-4_6/bin/../lib/gcc/arm-none-eabi/4.6.2/armv7-m\libgcc.a(_arm_fixunssfsi.o)
 .data          0x00000000        0x0 c:/program files (x86)/arm-none-eabi-gcc-4_6/bin/../lib/gcc/arm-none-eabi/4.6.2/../../../../arm-none-eabi/lib/armv7-m\libg.a(lib_a-memcpy.o)
 .bss           0x00000000        0x0 c:/program files (x86)/arm-none-eabi-gcc-4_6/bin/../lib/gcc/arm-none-eabi/4.6.2/../../../../arm-none-eabi/lib/armv7-m\libg.a(lib_a-memcpy.o)

Memory Configuration

Name             Origin             Length             Attributes
rom              0x08000000         0x00008000         xr
ram              0x20000000         0x00002800         xrw
*default*        0x00000000         0xffffffff

Linker script and memory map

                0x20002800                _eram = 0x20002800

.text           0x08000000     0x291c
 *(.isr_vector .isr_vector.*)
 .isr_vector    0x08000000      0x10c ..\obj\startup_stm32f10x_ld.o
                0x08000000                g_pfnVectors
 *(.text .text.* .gnu.linkonce.t.*)
 .text.Default_Reset_Handler
                0x0800010c       0x6c ..\obj\startup_stm32f10x_ld.o
                0x0800010c                Default_Reset_Handler
                0x0800010c                Reset_Handler
 .text.Default_Handler
                0x08000178        0x8 ..\obj\startup_stm32f10x_ld.o
                0x08000178                EXTI2_IRQHandler
                0x08000178                DebugMon_Handler
                0x08000178                SysTick_Handler
                0x08000178                PVD_IRQHandler
                0x08000178                PendSV_Handler
                0x08000178                NMI_Handler
                0x08000178                EXTI3_IRQHandler
                0x08000178                EXTI0_IRQHandler
                0x08000178                UsageFault_Handler
                0x08000178                SPI1_IRQHandler
                0x08000178                TAMPER_IRQHandler
                0x08000178                DMA1_Channel4_IRQHandler
                0x08000178                RTC_IRQHandler
                0x08000178                DMA1_Channel7_IRQHandler
                0x08000178                CAN1_RX1_IRQHandler
                0x08000178                I2C1_EV_IRQHandler
                0x08000178                DMA1_Channel6_IRQHandler
                0x08000178                RCC_IRQHandler
                0x08000178                TIM1_TRG_COM_IRQHandler
                0x08000178                DMA1_Channel1_IRQHandler
                0x08000178                EXTI15_10_IRQHandler
                0x08000178                EXTI9_5_IRQHandler
                0x08000178                MemManage_Handler
                0x08000178                SVC_Handler
                0x08000178                DMA1_Channel5_IRQHandler
                0x08000178                EXTI4_IRQHandler
                0x08000178                USB_LP_CAN1_RX0_IRQHandler
                0x08000178                USB_HP_CAN1_TX_IRQHandler
                0x08000178                DMA1_Channel3_IRQHandler
                0x08000178                TIM1_UP_IRQHandler
                0x08000178                WWDG_IRQHandler
                0x08000178                TIM1_BRK_IRQHandler
                0x08000178                EXTI1_IRQHandler
                0x08000178                RTCAlarm_IRQHandler
                0x08000178                USART2_IRQHandler
                0x08000178                DMA1_Channel2_IRQHandler
                0x08000178                CAN1_SCE_IRQHandler
                0x08000178                FLASH_IRQHandler
                0x08000178                BusFault_Handler
                0x08000178                USART1_IRQHandler
                0x08000178                I2C1_ER_IRQHandler
                0x08000178                USBWakeUp_IRQHandler
 .text.MDC_initMotor
                0x08000180       0x20 ..\obj\motorDc.o
                0x08000180                MDC_initMotor
 .text.MDC_startMotor
                0x080001a0       0x28 ..\obj\motorDc.o
                0x080001a0                MDC_startMotor
 .text.MDC_stopMotor
                0x080001c8       0x44 ..\obj\motorDc.o
                0x080001c8                MDC_stopMotor
 .text.MDC_commandDutyCycle
                0x0800020c       0xb4 ..\obj\motorDc.o
                0x0800020c                MDC_commandDutyCycle
 .text.MDC_commandDirection
                0x080002c0       0x20 ..\obj\motorDc.o
                0x080002c0                MDC_commandDirection
 .text.SystemInit
                0x080002e0       0xac ..\obj\system_stm32f10x.o
                0x080002e0                SystemInit
 .text.SetSysClock
                0x0800038c        0xc ..\obj\system_stm32f10x.o
 .text.SetSysClockTo72
                0x08000398      0x1ac ..\obj\system_stm32f10x.o
 .text.NVIC_EnableIRQ
                0x08000544       0x38 ..\obj\milliSecTimer.o
 .text.MSTMR_initMilliSecTimer
                0x0800057c       0x94 ..\obj\milliSecTimer.o
                0x0800057c                MSTMR_initMilliSecTimer
 .text.TIM2_IRQHandler
                0x08000610       0x2c ..\obj\milliSecTimer.o
                0x08000610                TIM2_IRQHandler
 .text.MSTMR_getMilliSeconds
                0x0800063c       0x18 ..\obj\milliSecTimer.o
                0x0800063c                MSTMR_getMilliSeconds
 .text.main     0x08000654       0x80 ..\obj\main.o
                0x08000654                main
 .text.initDio  0x080006d4       0xb8 ..\obj\main.o
                0x080006d4                initDio
 .text.NVIC_EnableIRQ
                0x0800078c       0x38 ..\obj\mpwm.o
 .text.MPWM_initMotorPwm
                0x080007c4      0x184 ..\obj\mpwm.o
                0x080007c4                MPWM_initMotorPwm
 .text.MPWM_setMotorPwmFreq
                0x08000948       0x40 ..\obj\mpwm.o
                0x08000948                MPWM_setMotorPwmFreq
 .text.MPWM_setDeadTime
                0x08000988       0xac ..\obj\mpwm.o
                0x08000988                MPWM_setDeadTime
 .text.MPWM_setAdcSamplingTime
                0x08000a34       0x3c ..\obj\mpwm.o
                0x08000a34                MPWM_setAdcSamplingTime
 .text.MPWM_setPhaseDutyCycle
                0x08000a70      0x3f0 ..\obj\mpwm.o
                0x08000a70                MPWM_setPhaseDutyCycle
 .text.TIM1_CC_IRQHandler
                0x08000e60       0x24 ..\obj\mpwm.o
                0x08000e60                TIM1_CC_IRQHandler
 .text.NVIC_EnableIRQ
                0x08000e84       0x38 ..\obj\rcPwm.o
 .text.RCPWM_initRcPwm
                0x08000ebc      0x110 ..\obj\rcPwm.o
                0x08000ebc                RCPWM_initRcPwm
 .text.RCPWM_getSpeedDemand
                0x08000fcc       0x38 ..\obj\rcPwm.o
                0x08000fcc                RCPWM_getSpeedDemand
 .text.TIM3_IRQHandler
                0x08001004       0xb8 ..\obj\rcPwm.o
                0x08001004                TIM3_IRQHandler
 .text.RCC_DeInit
                0x080010bc       0x9c ..\obj\stm32f10x_rcc.o
                0x080010bc                RCC_DeInit
 .text.RCC_APB1PeriphClockCmd
                0x08001158       0x58 ..\obj\stm32f10x_rcc.o
                0x08001158                RCC_APB1PeriphClockCmd
 .text.GPIO_pinSetup
                0x080011b0      0x1a4 ..\obj\gpio.o
                0x080011b0                GPIO_pinSetup
 .text.GPIO_clearOutputPin
                0x08001354       0x78 ..\obj\gpio.o
                0x08001354                GPIO_clearOutputPin
 .text.GPIO_readInput
                0x080013cc       0x84 ..\obj\gpio.o
                0x080013cc                GPIO_readInput
 .text.MOT_defineMotorType
                0x08001450       0x2c ..\obj\motor.o
                0x08001450                MOT_defineMotorType
 .text.MOT_initMotor
                0x0800147c       0x2c ..\obj\motor.o
                0x0800147c                MOT_initMotor
 .text.MOT_startMotor
                0x080014a8       0x2c ..\obj\motor.o
                0x080014a8                MOT_startMotor
 .text.MOT_stopMotor
                0x080014d4       0x2c ..\obj\motor.o
                0x080014d4                MOT_stopMotor
 .text.MOT_commandDutyCycle
                0x08001500       0x5c ..\obj\motor.o
                0x08001500                MOT_commandDutyCycle
 .text.MOT_commandDirection
                0x0800155c       0x58 ..\obj\motor.o
                0x0800155c                MOT_commandDirection
 .text.OSC_initClock
                0x080015b4        0xc ..\obj\osc.o
                0x080015b4                OSC_initClock
 .text.OSC_initHseClock
                0x080015c0      0x184 ..\obj\osc.o
                0x080015c0                OSC_initHseClock
 .text.OSC_getClockFreq
                0x08001744       0x18 ..\obj\osc.o
                0x08001744                OSC_getClockFreq
 .text.BLDC_initMotor
                0x0800175c       0x30 ..\obj\motorBldc.o
                0x0800175c                BLDC_initMotor
 .text.BLDC_initPositionSensors
                0x0800178c       0xe8 ..\obj\motorBldc.o
                0x0800178c                BLDC_initPositionSensors
 .text.BLDC_startMotor
                0x08001874       0x70 ..\obj\motorBldc.o
                0x08001874                BLDC_startMotor
 .text.BLDC_stopMotor
                0x080018e4       0x44 ..\obj\motorBldc.o
                0x080018e4                BLDC_stopMotor
 .text.BLDC_determineSector
                0x08001928       0x94 ..\obj\motorBldc.o
                0x08001928                BLDC_determineSector
 .text.BLDC_commandDutyCycle
                0x080019bc       0x20 ..\obj\motorBldc.o
                0x080019bc                BLDC_commandDutyCycle
 .text.BLDC_commandDirection
                0x080019dc       0x20 ..\obj\motorBldc.o
                0x080019dc                BLDC_commandDirection
 .text.BLDC_commutate
                0x080019fc      0x20c ..\obj\motorBldc.o
                0x080019fc                BLDC_commutate
 .text.BLDC_adcInterrupt
                0x08001c08      0x120 ..\obj\motorBldc.o
                0x08001c08                BLDC_adcInterrupt
 .text          0x08001d28       0x28 ..\obj\sh_cmd.o
                0x08001d28                SH_DoCommand
                0x08001d3a                HardFault_Handler
 .text.FLASH_SetLatency
                0x08001d50       0x40 ..\obj\stm32f10x_flash.o
                0x08001d50                FLASH_SetLatency
 .text.FLASH_PrefetchBufferCmd
                0x08001d90       0x44 ..\obj\stm32f10x_flash.o
                0x08001d90                FLASH_PrefetchBufferCmd
 .text.NVIC_EnableIRQ
                0x08001dd4       0x38 ..\obj\adc.o
 .text.ADC_initAdc
                0x08001e0c       0x18 ..\obj\adc.o
                0x08001e0c                ADC_initAdc
 .text.ADC_initAdc1
                0x08001e24       0xa0 ..\obj\adc.o
                0x08001e24                ADC_initAdc1
 .text.ADC_initAdc2
                0x08001ec4       0xa0 ..\obj\adc.o
                0x08001ec4                ADC_initAdc2
 .text.ADC_startAdcConversion
                0x08001f64       0x3c ..\obj\adc.o
                0x08001f64                ADC_startAdcConversion
 .text.ADC_getVoltage
                0x08001fa0       0x98 ..\obj\adc.o
                0x08001fa0                ADC_getVoltage
 .text.ADC_initAdc1Interrupt
                0x08002038       0x38 ..\obj\adc.o
                0x08002038                ADC_initAdc1Interrupt
 .text.ADC1_2_IRQHandler
                0x08002070       0xe0 ..\obj\adc.o
                0x08002070                ADC1_2_IRQHandler
 .text.NVIC_Init
                0x08002150       0xe8 ..\obj\misc.o
                0x08002150                NVIC_Init
 .text          0x08002238      0x21c c:/program files (x86)/arm-none-eabi-gcc-4_6/bin/../lib/gcc/arm-none-eabi/4.6.2/armv7-m\libgcc.a(_arm_addsubsf3.o)
                0x08002238                __aeabi_frsub
                0x08002240                __subsf3
                0x08002240                __aeabi_fsub
                0x08002244                __aeabi_fadd
                0x08002244                __addsf3
                0x080023a4                __aeabi_ui2f
                0x080023a4                __floatunsisf
                0x080023ac                __aeabi_i2f
                0x080023ac                __floatsisf
                0x080023c8                __aeabi_ul2f
                0x080023c8                __floatundisf
                0x080023d8                __aeabi_l2f
                0x080023d8                __floatdisf
 .text          0x08002454      0x2a0 c:/program files (x86)/arm-none-eabi-gcc-4_6/bin/../lib/gcc/arm-none-eabi/4.6.2/armv7-m\libgcc.a(_arm_muldivsf3.o)
                0x08002454                __mulsf3
                0x08002454                __aeabi_fmul
                0x080025bc                __aeabi_fdiv
                0x080025bc                __divsf3
 .text          0x080026f4       0xec c:/program files (x86)/arm-none-eabi-gcc-4_6/bin/../lib/gcc/arm-none-eabi/4.6.2/armv7-m\libgcc.a(_arm_cmpsf2.o)
                0x080026f4                __gesf2
                0x080026f4                __gtsf2
                0x080026fc                __lesf2
                0x080026fc                __ltsf2
                0x08002704                __nesf2
                0x08002704                __eqsf2
                0x08002704                __cmpsf2
                0x08002764                __aeabi_cfrcmple
                0x0800276c                __aeabi_cfcmpeq
                0x0800276c                __aeabi_cfcmple
                0x0800277c                __aeabi_fcmpeq
                0x08002790                __aeabi_fcmplt
                0x080027a4                __aeabi_fcmple
                0x080027b8                __aeabi_fcmpge
                0x080027cc                __aeabi_fcmpgt
 .text          0x080027e0       0x40 c:/program files (x86)/arm-none-eabi-gcc-4_6/bin/../lib/gcc/arm-none-eabi/4.6.2/armv7-m\libgcc.a(_arm_fixunssfsi.o)
                0x080027e0                __fixunssfsi
                0x080027e0                __aeabi_f2uiz
 .text          0x08002820       0x84 c:/program files (x86)/arm-none-eabi-gcc-4_6/bin/../lib/gcc/arm-none-eabi/4.6.2/../../../../arm-none-eabi/lib/armv7-m\libg.a(lib_a-memcpy.o)
                0x08002820                memcpy
 *(.glue_7t)
 .glue_7t       0x00000000        0x0 linker stubs
 *(.glue_7)
 .glue_7        0x00000000        0x0 linker stubs
 *(.rodata .rodata* .gnu.linkonce.r.*)
 .rodata        0x080028a4       0x78 ..\obj\motorBldc.o
                0x080028a4                hallToSector

.vfp11_veneer   0x0800291c        0x0
 .vfp11_veneer  0x00000000        0x0 linker stubs

.v4_bx          0x0800291c        0x0
 .v4_bx         0x00000000        0x0 linker stubs

.ARM.extab
 *(.ARM.extab* .gnu.linkonce.armextab.*)
                0x0800291c                __exidx_start = .

.ARM.exidx
 *(.ARM.exidx* .gnu.linkonce.armexidx.*)
                0x0800291c                __exidx_end = .
                0x0800291c                . = ALIGN (0x4)
                0x0800291c                _etext = .
                0x0800291c                _sidata = .

.data           0x20000000        0x0 load address 0x0800291c
                0x20000000                _sdata = .
 *(.data .data.*)
                0x20000000                . = ALIGN (0x4)
                0x20000000                _edata = .

.bss            0x20000000       0x68
                0x20000000                _sbss = .
 *(.bss .bss.*)
 .bss           0x20000000        0x1 ..\obj\motorBldc.o
                0x20000000                hallTableUtilized
 *fill*         0x20000001        0x3 00
 .bss           0x20000004        0x8 ..\obj\adc.o
                0x20000004                adc1InterruptPtr
                0x20000008                adc2InterruptPtr
 *(COMMON)
 COMMON         0x2000000c       0x12 ..\obj\motorDc.o
                0x2000000c                MDC_command
                0x20000010                MDC_motor
 *fill*         0x2000001e        0x2 00
 COMMON         0x20000020        0x4 ..\obj\milliSecTimer.o
                0x20000020                MSTMR_timer
 COMMON         0x20000024        0x3 ..\obj\mpwm.o
                0x20000024                MPWM_motorPhase
 *fill*         0x20000027        0x1 00
 COMMON         0x20000028        0xc ..\obj\rcPwm.o
                0x20000028                rcPwm
 COMMON         0x20000034        0x1 ..\obj\motor.o
                0x20000034                motor
 *fill*         0x20000035        0x3 00
 COMMON         0x20000038        0x4 ..\obj\osc.o
                0x20000038                oscillator
 COMMON         0x2000003c       0x2c ..\obj\motorBldc.o
                0x2000003c                BLDC_motor
                0x20000064                BLDC_command
                0x20000068                . = ALIGN (0x4)
                0x20000068                _ebss = .

.co_stack       0x20000068      0x400
                0x20000068                . = ALIGN (0x8)
 *(.co_stack .co_stack.*)
 .co_stack      0x20000068      0x400 ..\obj\startup_stm32f10x_ld.o
                0x20000068                pulStack
                0x20000468                . = ALIGN (0x4)
                0x20000468                _end = .
LOAD ..\obj\stm32f10x_rtc.o
LOAD ..\obj\semihosting.o
LOAD ..\obj\startup_stm32f10x_ld.o
LOAD ..\obj\stm32f10x_tim.o
LOAD ..\obj\core_cm3.o
LOAD ..\obj\motorDc.o
LOAD ..\obj\stm32f10x_dbgmcu.o
LOAD ..\obj\system_stm32f10x.o
LOAD ..\obj\stm32f10x_pwr.o
LOAD ..\obj\stm32f10x_can.o
LOAD ..\obj\stm32f10x_gpio.o
LOAD ..\obj\milliSecTimer.o
LOAD ..\obj\main.o
LOAD ..\obj\stm32f10x_crc.o
LOAD ..\obj\mpwm.o
LOAD ..\obj\rcPwm.o
LOAD ..\obj\printf.o
LOAD ..\obj\stm32f10x_rcc.o
LOAD ..\obj\gpio.o
LOAD ..\obj\motor.o
LOAD ..\obj\stm32f10x_exti.o
LOAD ..\obj\stm32f10x_adc.o
LOAD ..\obj\osc.o
LOAD ..\obj\motorBldc.o
LOAD ..\obj\stm32f10x_usart.o
LOAD ..\obj\sh_cmd.o
LOAD ..\obj\syscalls.o
LOAD ..\obj\stm32f10x_flash.o
LOAD ..\obj\adc.o
LOAD ..\obj\stm32f10x_dma.o
LOAD ..\obj\misc.o
LOAD ..\obj\stm32f10x_wwdg.o
LOAD ..\obj\stm32f10x_spi.o
LOAD ..\obj\stm32f10x_i2c.o
LOAD ..\obj\stm32f10x_bkp.o
LOAD ..\obj\stm32f10x_iwdg.o
START GROUP
LOAD c:/program files (x86)/arm-none-eabi-gcc-4_6/bin/../lib/gcc/arm-none-eabi/4.6.2/armv7-m\libgcc.a
LOAD c:/program files (x86)/arm-none-eabi-gcc-4_6/bin/../lib/gcc/arm-none-eabi/4.6.2/../../../../arm-none-eabi/lib/armv7-m\libg.a
LOAD c:/program files (x86)/arm-none-eabi-gcc-4_6/bin/../lib/gcc/arm-none-eabi/4.6.2/../../../../arm-none-eabi/lib/armv7-m\libc.a
END GROUP
OUTPUT(lowVoltageDrive.elf elf32-littlearm)

.debug_info     0x00000000     0xe0e5
 .debug_info    0x00000000      0x46a ..\obj\stm32f10x_rtc.o
 .debug_info    0x0000046a      0x12b ..\obj\semihosting.o
 .debug_info    0x00000595      0x131 ..\obj\startup_stm32f10x_ld.o
 .debug_info    0x000006c6     0x1e18 ..\obj\stm32f10x_tim.o
 .debug_info    0x000024de      0x548 ..\obj\core_cm3.o
 .debug_info    0x00002a26      0x2c3 ..\obj\motorDc.o
 .debug_info    0x00002ce9      0x15a ..\obj\stm32f10x_dbgmcu.o
 .debug_info    0x00002e43      0x4a0 ..\obj\system_stm32f10x.o
 .debug_info    0x000032e3      0x45b ..\obj\stm32f10x_pwr.o
 .debug_info    0x0000373e      0xc57 ..\obj\stm32f10x_can.o
 .debug_info    0x00004395      0x723 ..\obj\stm32f10x_gpio.o
 .debug_info    0x00004ab8      0x67a ..\obj\milliSecTimer.o
 .debug_info    0x00005132      0x13e ..\obj\main.o
 .debug_info    0x00005270      0x200 ..\obj\stm32f10x_crc.o
 .debug_info    0x00005470      0x7f5 ..\obj\mpwm.o
 .debug_info    0x00005c65      0x744 ..\obj\rcPwm.o
 .debug_info    0x000063a9      0xf66 ..\obj\printf.o
 .debug_info    0x0000730f      0x901 ..\obj\stm32f10x_rcc.o
 .debug_info    0x00007c10      0x251 ..\obj\gpio.o
 .debug_info    0x00007e61      0x1af ..\obj\motor.o
 .debug_info    0x00008010      0x361 ..\obj\stm32f10x_exti.o
 .debug_info    0x00008371      0xc0e ..\obj\stm32f10x_adc.o
 .debug_info    0x00008f7f      0x238 ..\obj\osc.o
 .debug_info    0x000091b7      0x547 ..\obj\motorBldc.o
 .debug_info    0x000096fe      0xa6c ..\obj\stm32f10x_usart.o
 .debug_info    0x0000a16a       0xcd ..\obj\sh_cmd.o
 .debug_info    0x0000a237      0x440 ..\obj\syscalls.o
 .debug_info    0x0000a677      0x819 ..\obj\stm32f10x_flash.o
 .debug_info    0x0000ae90      0x6ba ..\obj\adc.o
 .debug_info    0x0000b54a      0x4a2 ..\obj\stm32f10x_dma.o
 .debug_info    0x0000b9ec      0x546 ..\obj\misc.o
 .debug_info    0x0000bf32      0x235 ..\obj\stm32f10x_wwdg.o
 .debug_info    0x0000c167      0x971 ..\obj\stm32f10x_spi.o
 .debug_info    0x0000cad8      0xb94 ..\obj\stm32f10x_i2c.o
 .debug_info    0x0000d66c      0x879 ..\obj\stm32f10x_bkp.o
 .debug_info    0x0000dee5      0x200 ..\obj\stm32f10x_iwdg.o

.debug_abbrev   0x00000000     0x2cea
 .debug_abbrev  0x00000000      0x166 ..\obj\stm32f10x_rtc.o
 .debug_abbrev  0x00000166       0x9a ..\obj\semihosting.o
 .debug_abbrev  0x00000200       0xa3 ..\obj\startup_stm32f10x_ld.o
 .debug_abbrev  0x000002a3      0x172 ..\obj\stm32f10x_tim.o
 .debug_abbrev  0x00000415       0xd5 ..\obj\core_cm3.o
 .debug_abbrev  0x000004ea      0x116 ..\obj\motorDc.o
 .debug_abbrev  0x00000600       0xda ..\obj\stm32f10x_dbgmcu.o
 .debug_abbrev  0x000006da      0x17e ..\obj\system_stm32f10x.o
 .debug_abbrev  0x00000858      0x184 ..\obj\stm32f10x_pwr.o
 .debug_abbrev  0x000009dc      0x1ac ..\obj\stm32f10x_can.o
 .debug_abbrev  0x00000b88      0x1a4 ..\obj\stm32f10x_gpio.o
 .debug_abbrev  0x00000d2c      0x197 ..\obj\milliSecTimer.o
 .debug_abbrev  0x00000ec3       0xba ..\obj\main.o
 .debug_abbrev  0x00000f7d      0x10a ..\obj\stm32f10x_crc.o
 .debug_abbrev  0x00001087      0x1a4 ..\obj\mpwm.o
 .debug_abbrev  0x0000122b      0x19e ..\obj\rcPwm.o
 .debug_abbrev  0x000013c9      0x25f ..\obj\printf.o
 .debug_abbrev  0x00001628      0x191 ..\obj\stm32f10x_rcc.o
 .debug_abbrev  0x000017b9       0xfa ..\obj\gpio.o
 .debug_abbrev  0x000018b3       0xc6 ..\obj\motor.o
 .debug_abbrev  0x00001979      0x14a ..\obj\stm32f10x_exti.o
 .debug_abbrev  0x00001ac3      0x174 ..\obj\stm32f10x_adc.o
 .debug_abbrev  0x00001c37      0x117 ..\obj\osc.o
 .debug_abbrev  0x00001d4e      0x164 ..\obj\motorBldc.o
 .debug_abbrev  0x00001eb2      0x15b ..\obj\stm32f10x_usart.o
 .debug_abbrev  0x0000200d       0x14 ..\obj\sh_cmd.o
 .debug_abbrev  0x00002021       0xde ..\obj\syscalls.o
 .debug_abbrev  0x000020ff      0x162 ..\obj\stm32f10x_flash.o
 .debug_abbrev  0x00002261      0x204 ..\obj\adc.o
 .debug_abbrev  0x00002465      0x14e ..\obj\stm32f10x_dma.o
 .debug_abbrev  0x000025b3      0x135 ..\obj\misc.o
 .debug_abbrev  0x000026e8       0xf8 ..\obj\stm32f10x_wwdg.o
 .debug_abbrev  0x000027e0      0x15d ..\obj\stm32f10x_spi.o
 .debug_abbrev  0x0000293d      0x15d ..\obj\stm32f10x_i2c.o
 .debug_abbrev  0x00002a9a      0x156 ..\obj\stm32f10x_bkp.o
 .debug_abbrev  0x00002bf0       0xfa ..\obj\stm32f10x_iwdg.o

.debug_loc      0x00000000     0x6cb6
 .debug_loc     0x00000000      0x2e0 ..\obj\stm32f10x_rtc.o
 .debug_loc     0x000002e0       0xa8 ..\obj\semihosting.o
 .debug_loc     0x00000388       0x64 ..\obj\startup_stm32f10x_ld.o
 .debug_loc     0x000003ec     0x13e8 ..\obj\stm32f10x_tim.o
 .debug_loc     0x000017d4      0x3f0 ..\obj\core_cm3.o
 .debug_loc     0x00001bc4      0x120 ..\obj\motorDc.o
 .debug_loc     0x00001ce4       0x90 ..\obj\stm32f10x_dbgmcu.o
 .debug_loc     0x00001d74       0xc8 ..\obj\system_stm32f10x.o
 .debug_loc     0x00001e3c      0x238 ..\obj\stm32f10x_pwr.o
 .debug_loc     0x00002074      0x578 ..\obj\stm32f10x_can.o
 .debug_loc     0x000025ec      0x3e4 ..\obj\stm32f10x_gpio.o
 .debug_loc     0x000029d0       0xc8 ..\obj\milliSecTimer.o
 .debug_loc     0x00002a98       0x64 ..\obj\main.o
 .debug_loc     0x00002afc      0x12c ..\obj\stm32f10x_crc.o
 .debug_loc     0x00002c28      0x170 ..\obj\mpwm.o
 .debug_loc     0x00002d98       0xd4 ..\obj\rcPwm.o
 .debug_loc     0x00002e6c      0x3ea ..\obj\printf.o
 .debug_loc     0x00003256      0x6dc ..\obj\stm32f10x_rcc.o
 .debug_loc     0x00003932       0xe0 ..\obj\gpio.o
 .debug_loc     0x00003a12      0x12c ..\obj\motor.o
 .debug_loc     0x00003b3e      0x1b4 ..\obj\stm32f10x_exti.o
 .debug_loc     0x00003cf2      0x7d4 ..\obj\stm32f10x_adc.o
 .debug_loc     0x000044c6       0xc8 ..\obj\osc.o
 .debug_loc     0x0000458e      0x200 ..\obj\motorBldc.o
 .debug_loc     0x0000478e      0x658 ..\obj\stm32f10x_usart.o
 .debug_loc     0x00004de6      0x1ec ..\obj\syscalls.o
 .debug_loc     0x00004fd2      0x5d8 ..\obj\stm32f10x_flash.o
 .debug_loc     0x000055aa      0x220 ..\obj\adc.o
 .debug_loc     0x000057ca      0x268 ..\obj\stm32f10x_dma.o
 .debug_loc     0x00005a32      0x118 ..\obj\misc.o
 .debug_loc     0x00005b4a      0x190 ..\obj\stm32f10x_wwdg.o
 .debug_loc     0x00005cda      0x508 ..\obj\stm32f10x_spi.o
 .debug_loc     0x000061e2      0x738 ..\obj\stm32f10x_i2c.o
 .debug_loc     0x0000691a      0x264 ..\obj\stm32f10x_bkp.o
 .debug_loc     0x00006b7e      0x138 ..\obj\stm32f10x_iwdg.o

.debug_aranges  0x00000000     0x1378
 .debug_aranges
                0x00000000       0x88 ..\obj\stm32f10x_rtc.o
 .debug_aranges
                0x00000088       0x30 ..\obj\semihosting.o
 .debug_aranges
                0x000000b8       0x28 ..\obj\startup_stm32f10x_ld.o
 .debug_aranges
                0x000000e0      0x2f0 ..\obj\stm32f10x_tim.o
 .debug_aranges
                0x000003d0       0xc8 ..\obj\core_cm3.o
 .debug_aranges
                0x00000498       0x48 ..\obj\motorDc.o
 .debug_aranges
                0x000004e0       0x30 ..\obj\stm32f10x_dbgmcu.o
 .debug_aranges
                0x00000510       0x38 ..\obj\system_stm32f10x.o
 .debug_aranges
                0x00000548       0x70 ..\obj\stm32f10x_pwr.o
 .debug_aranges
                0x000005b8       0xe0 ..\obj\stm32f10x_can.o
 .debug_aranges
                0x00000698       0xa8 ..\obj\stm32f10x_gpio.o
 .debug_aranges
                0x00000740       0x38 ..\obj\milliSecTimer.o
 .debug_aranges
                0x00000778       0x28 ..\obj\main.o
 .debug_aranges
                0x000007a0       0x48 ..\obj\stm32f10x_crc.o
 .debug_aranges
                0x000007e8       0x50 ..\obj\mpwm.o
 .debug_aranges
                0x00000838       0x38 ..\obj\rcPwm.o
 .debug_aranges
                0x00000870       0xa0 ..\obj\printf.o
 .debug_aranges
                0x00000910      0x118 ..\obj\stm32f10x_rcc.o
 .debug_aranges
                0x00000a28       0x38 ..\obj\gpio.o
 .debug_aranges
                0x00000a60       0x48 ..\obj\motor.o
 .debug_aranges
                0x00000aa8       0x58 ..\obj\stm32f10x_exti.o
 .debug_aranges
                0x00000b00      0x138 ..\obj\stm32f10x_adc.o
 .debug_aranges
                0x00000c38       0x38 ..\obj\osc.o
 .debug_aranges
                0x00000c70       0x68 ..\obj\motorBldc.o
 .debug_aranges
                0x00000cd8      0x100 ..\obj\stm32f10x_usart.o
 .debug_aranges
                0x00000dd8       0x20 ..\obj\sh_cmd.o
 .debug_aranges
                0x00000df8       0x60 ..\obj\syscalls.o
 .debug_aranges
                0x00000e58       0xf8 ..\obj\stm32f10x_flash.o
 .debug_aranges
                0x00000f50       0x70 ..\obj\adc.o
 .debug_aranges
                0x00000fc0       0x70 ..\obj\stm32f10x_dma.o
 .debug_aranges
                0x00001030       0x40 ..\obj\misc.o
 .debug_aranges
                0x00001070       0x58 ..\obj\stm32f10x_wwdg.o
 .debug_aranges
                0x000010c8       0xd0 ..\obj\stm32f10x_spi.o
 .debug_aranges
                0x00001198      0x120 ..\obj\stm32f10x_i2c.o
 .debug_aranges
                0x000012b8       0x78 ..\obj\stm32f10x_bkp.o
 .debug_aranges
                0x00001330       0x48 ..\obj\stm32f10x_iwdg.o

.debug_ranges   0x00000000     0x1128
 .debug_ranges  0x00000000       0x78 ..\obj\stm32f10x_rtc.o
 .debug_ranges  0x00000078       0x20 ..\obj\semihosting.o
 .debug_ranges  0x00000098       0x18 ..\obj\startup_stm32f10x_ld.o
 .debug_ranges  0x000000b0      0x2e0 ..\obj\stm32f10x_tim.o
 .debug_ranges  0x00000390       0xb8 ..\obj\core_cm3.o
 .debug_ranges  0x00000448       0x38 ..\obj\motorDc.o
 .debug_ranges  0x00000480       0x20 ..\obj\stm32f10x_dbgmcu.o
 .debug_ranges  0x000004a0       0x28 ..\obj\system_stm32f10x.o
 .debug_ranges  0x000004c8       0x60 ..\obj\stm32f10x_pwr.o
 .debug_ranges  0x00000528       0xd0 ..\obj\stm32f10x_can.o
 .debug_ranges  0x000005f8       0x98 ..\obj\stm32f10x_gpio.o
 .debug_ranges  0x00000690       0x28 ..\obj\milliSecTimer.o
 .debug_ranges  0x000006b8       0x18 ..\obj\main.o
 .debug_ranges  0x000006d0       0x38 ..\obj\stm32f10x_crc.o
 .debug_ranges  0x00000708       0x40 ..\obj\mpwm.o
 .debug_ranges  0x00000748       0x28 ..\obj\rcPwm.o
 .debug_ranges  0x00000770       0x90 ..\obj\printf.o
 .debug_ranges  0x00000800      0x108 ..\obj\stm32f10x_rcc.o
 .debug_ranges  0x00000908       0x28 ..\obj\gpio.o
 .debug_ranges  0x00000930       0x38 ..\obj\motor.o
 .debug_ranges  0x00000968       0x48 ..\obj\stm32f10x_exti.o
 .debug_ranges  0x000009b0      0x128 ..\obj\stm32f10x_adc.o
 .debug_ranges  0x00000ad8       0x28 ..\obj\osc.o
 .debug_ranges  0x00000b00       0x58 ..\obj\motorBldc.o
 .debug_ranges  0x00000b58       0xf0 ..\obj\stm32f10x_usart.o
 .debug_ranges  0x00000c48       0x50 ..\obj\syscalls.o
 .debug_ranges  0x00000c98       0xe8 ..\obj\stm32f10x_flash.o
 .debug_ranges  0x00000d80       0x60 ..\obj\adc.o
 .debug_ranges  0x00000de0       0x60 ..\obj\stm32f10x_dma.o
 .debug_ranges  0x00000e40       0x30 ..\obj\misc.o
 .debug_ranges  0x00000e70       0x48 ..\obj\stm32f10x_wwdg.o
 .debug_ranges  0x00000eb8       0xc0 ..\obj\stm32f10x_spi.o
 .debug_ranges  0x00000f78      0x110 ..\obj\stm32f10x_i2c.o
 .debug_ranges  0x00001088       0x68 ..\obj\stm32f10x_bkp.o
 .debug_ranges  0x000010f0       0x38 ..\obj\stm32f10x_iwdg.o

.debug_line     0x00000000     0x6b9b
 .debug_line    0x00000000      0x2c7 ..\obj\stm32f10x_rtc.o
 .debug_line    0x000002c7       0xbf ..\obj\semihosting.o
 .debug_line    0x00000386       0xb8 ..\obj\startup_stm32f10x_ld.o
 .debug_line    0x0000043e      0xa9e ..\obj\stm32f10x_tim.o
 .debug_line    0x00000edc      0x29a ..\obj\core_cm3.o
 .debug_line    0x00001176      0x201 ..\obj\motorDc.o
 .debug_line    0x00001377      0x1d4 ..\obj\stm32f10x_dbgmcu.o
 .debug_line    0x0000154b      0x259 ..\obj\system_stm32f10x.o
 .debug_line    0x000017a4      0x284 ..\obj\stm32f10x_pwr.o
 .debug_line    0x00001a28      0x566 ..\obj\stm32f10x_can.o
 .debug_line    0x00001f8e      0x3b8 ..\obj\stm32f10x_gpio.o
 .debug_line    0x00002346      0x1e5 ..\obj\milliSecTimer.o
 .debug_line    0x0000252b      0x1c3 ..\obj\main.o
 .debug_line    0x000026ee      0x219 ..\obj\stm32f10x_crc.o
 .debug_line    0x00002907      0x2b7 ..\obj\mpwm.o
 .debug_line    0x00002bbe      0x284 ..\obj\rcPwm.o
 .debug_line    0x00002e42      0x3ed ..\obj\printf.o
 .debug_line    0x0000322f      0x4c6 ..\obj\stm32f10x_rcc.o
 .debug_line    0x000036f5      0x27b ..\obj\gpio.o
 .debug_line    0x00003970      0x1b8 ..\obj\motor.o
 .debug_line    0x00003b28      0x2ad ..\obj\stm32f10x_exti.o
 .debug_line    0x00003dd5      0x52c ..\obj\stm32f10x_adc.o
 .debug_line    0x00004301      0x207 ..\obj\osc.o
 .debug_line    0x00004508      0x2cc ..\obj\motorBldc.o
 .debug_line    0x000047d4      0x4a4 ..\obj\stm32f10x_usart.o
 .debug_line    0x00004c78       0x92 ..\obj\sh_cmd.o
 .debug_line    0x00004d0a      0x1a8 ..\obj\syscalls.o
 .debug_line    0x00004eb2      0x4e2 ..\obj\stm32f10x_flash.o
 .debug_line    0x00005394      0x2e8 ..\obj\adc.o
 .debug_line    0x0000567c      0x30c ..\obj\stm32f10x_dma.o
 .debug_line    0x00005988      0x24d ..\obj\misc.o
 .debug_line    0x00005bd5      0x231 ..\obj\stm32f10x_wwdg.o
 .debug_line    0x00005e06      0x42b ..\obj\stm32f10x_spi.o
 .debug_line    0x00006231      0x4e0 ..\obj\stm32f10x_i2c.o
 .debug_line    0x00006711      0x280 ..\obj\stm32f10x_bkp.o
 .debug_line    0x00006991      0x20a ..\obj\stm32f10x_iwdg.o

.debug_str      0x00000000     0x5761
 .debug_str     0x00000000      0x2fa ..\obj\stm32f10x_rtc.o
                                0x352 (size before relaxing)
 .debug_str     0x000002fa       0x8f ..\obj\semihosting.o
                                0x161 (size before relaxing)
 .debug_str     0x00000389       0xc6 ..\obj\startup_stm32f10x_ld.o
                                0x12e (size before relaxing)
 .debug_str     0x0000044f      0xb96 ..\obj\stm32f10x_tim.o
                                0xd8d (size before relaxing)
 .debug_str     0x00000fe5      0x178 ..\obj\core_cm3.o
                                0x27c (size before relaxing)
 .debug_str     0x0000115d      0x1b3 ..\obj\motorDc.o
                                0x2ba (size before relaxing)
 .debug_str     0x00001310       0xac ..\obj\stm32f10x_dbgmcu.o
                                0x1b7 (size before relaxing)
 .debug_str     0x000013bc      0x17d ..\obj\system_stm32f10x.o
                                0x28f (size before relaxing)
 .debug_str     0x00001539      0x13d ..\obj\stm32f10x_pwr.o
                                0x2c2 (size before relaxing)
 .debug_str     0x00001676      0x53a ..\obj\stm32f10x_can.o
                                0x6de (size before relaxing)
 .debug_str     0x00001bb0      0x38d ..\obj\stm32f10x_gpio.o
                                0x4c9 (size before relaxing)
 .debug_str     0x00001f3d      0x38d ..\obj\milliSecTimer.o
                                0x5b3 (size before relaxing)
 .debug_str     0x000022ca       0xa5 ..\obj\main.o
                                0x188 (size before relaxing)
 .debug_str     0x0000236f       0xde ..\obj\stm32f10x_crc.o
                                0x1eb (size before relaxing)
 .debug_str     0x0000244d      0x17d ..\obj\mpwm.o
                                0x6f6 (size before relaxing)
 .debug_str     0x000025ca      0x164 ..\obj\rcPwm.o
                                0x693 (size before relaxing)
 .debug_str     0x0000272e      0x513 ..\obj\printf.o
                                0x64c (size before relaxing)
 .debug_str     0x00002c41      0x3fe ..\obj\stm32f10x_rcc.o
                                0x5ca (size before relaxing)
 .debug_str     0x0000303f       0x9a ..\obj\gpio.o
                                0x1c2 (size before relaxing)
 .debug_str     0x000030d9       0xd4 ..\obj\motor.o
                                0x1f5 (size before relaxing)
 .debug_str     0x000031ad      0x1e8 ..\obj\stm32f10x_exti.o
                                0x30e (size before relaxing)
 .debug_str     0x00003395      0x542 ..\obj\stm32f10x_adc.o
                                0x6ab (size before relaxing)
 .debug_str     0x000038d7       0xab ..\obj\osc.o
                                0x1d9 (size before relaxing)
 .debug_str     0x00003982      0x2b9 ..\obj\motorBldc.o
                                0x478 (size before relaxing)
 .debug_str     0x00003c3b      0x43e ..\obj\stm32f10x_usart.o
                                0x640 (size before relaxing)
 .debug_str     0x00004079      0x15d ..\obj\syscalls.o
                                0x2c4 (size before relaxing)
 .debug_str     0x000041d6      0x41d ..\obj\stm32f10x_flash.o
                                0x598 (size before relaxing)
 .debug_str     0x000045f3      0x18e ..\obj\adc.o
                                0x62f (size before relaxing)
 .debug_str     0x00004781      0x232 ..\obj\stm32f10x_dma.o
                                0x371 (size before relaxing)
 .debug_str     0x000049b3      0x137 ..\obj\misc.o
                                0x373 (size before relaxing)
 .debug_str     0x00004aea       0xf2 ..\obj\stm32f10x_wwdg.o
                                0x218 (size before relaxing)
 .debug_str     0x00004bdc      0x37f ..\obj\stm32f10x_spi.o
                                0x5ad (size before relaxing)
 .debug_str     0x00004f5b      0x3d0 ..\obj\stm32f10x_i2c.o
                                0x616 (size before relaxing)
 .debug_str     0x0000532b      0x340 ..\obj\stm32f10x_bkp.o
                                0x565 (size before relaxing)
 .debug_str     0x0000566b       0xf6 ..\obj\stm32f10x_iwdg.o
                                0x20c (size before relaxing)

.comment        0x00000000       0x70
 .comment       0x00000000       0x70 ..\obj\stm32f10x_rtc.o
                                 0x71 (size before relaxing)
 .comment       0x00000000       0x71 ..\obj\semihosting.o
 .comment       0x00000000       0x71 ..\obj\startup_stm32f10x_ld.o
 .comment       0x00000000       0x71 ..\obj\stm32f10x_tim.o
 .comment       0x00000000       0x71 ..\obj\core_cm3.o
 .comment       0x00000000       0x71 ..\obj\motorDc.o
 .comment       0x00000000       0x71 ..\obj\stm32f10x_dbgmcu.o
 .comment       0x00000000       0x71 ..\obj\system_stm32f10x.o
 .comment       0x00000000       0x71 ..\obj\stm32f10x_pwr.o
 .comment       0x00000000       0x71 ..\obj\stm32f10x_can.o
 .comment       0x00000000       0x71 ..\obj\stm32f10x_gpio.o
 .comment       0x00000000       0x71 ..\obj\milliSecTimer.o
 .comment       0x00000000       0x71 ..\obj\main.o
 .comment       0x00000000       0x71 ..\obj\stm32f10x_crc.o
 .comment       0x00000000       0x71 ..\obj\mpwm.o
 .comment       0x00000000       0x71 ..\obj\rcPwm.o
 .comment       0x00000000       0x71 ..\obj\printf.o
 .comment       0x00000000       0x71 ..\obj\stm32f10x_rcc.o
 .comment       0x00000000       0x71 ..\obj\gpio.o
 .comment       0x00000000       0x71 ..\obj\motor.o
 .comment       0x00000000       0x71 ..\obj\stm32f10x_exti.o
 .comment       0x00000000       0x71 ..\obj\stm32f10x_adc.o
 .comment       0x00000000       0x71 ..\obj\osc.o
 .comment       0x00000000       0x71 ..\obj\motorBldc.o
 .comment       0x00000000       0x71 ..\obj\stm32f10x_usart.o
 .comment       0x00000000       0x71 ..\obj\syscalls.o
 .comment       0x00000000       0x71 ..\obj\stm32f10x_flash.o
 .comment       0x00000000       0x71 ..\obj\adc.o
 .comment       0x00000000       0x71 ..\obj\stm32f10x_dma.o
 .comment       0x00000000       0x71 ..\obj\misc.o
 .comment       0x00000000       0x71 ..\obj\stm32f10x_wwdg.o
 .comment       0x00000000       0x71 ..\obj\stm32f10x_spi.o
 .comment       0x00000000       0x71 ..\obj\stm32f10x_i2c.o
 .comment       0x00000000       0x71 ..\obj\stm32f10x_bkp.o
 .comment       0x00000000       0x71 ..\obj\stm32f10x_iwdg.o

.ARM.attributes
                0x00000000       0x31
 .ARM.attributes
                0x00000000       0x33 ..\obj\stm32f10x_rtc.o
 .ARM.attributes
                0x00000033       0x33 ..\obj\semihosting.o
 .ARM.attributes
                0x00000066       0x33 ..\obj\startup_stm32f10x_ld.o
 .ARM.attributes
                0x00000099       0x33 ..\obj\stm32f10x_tim.o
 .ARM.attributes
                0x000000cc       0x33 ..\obj\core_cm3.o
 .ARM.attributes
                0x000000ff       0x33 ..\obj\motorDc.o
 .ARM.attributes
                0x00000132       0x33 ..\obj\stm32f10x_dbgmcu.o
 .ARM.attributes
                0x00000165       0x33 ..\obj\system_stm32f10x.o
 .ARM.attributes
                0x00000198       0x33 ..\obj\stm32f10x_pwr.o
 .ARM.attributes
                0x000001cb       0x33 ..\obj\stm32f10x_can.o
 .ARM.attributes
                0x000001fe       0x33 ..\obj\stm32f10x_gpio.o
 .ARM.attributes
                0x00000231       0x33 ..\obj\milliSecTimer.o
 .ARM.attributes
                0x00000264       0x33 ..\obj\main.o
 .ARM.attributes
                0x00000297       0x33 ..\obj\stm32f10x_crc.o
 .ARM.attributes
                0x000002ca       0x33 ..\obj\mpwm.o
 .ARM.attributes
                0x000002fd       0x33 ..\obj\rcPwm.o
 .ARM.attributes
                0x00000330       0x33 ..\obj\printf.o
 .ARM.attributes
                0x00000363       0x33 ..\obj\stm32f10x_rcc.o
 .ARM.attributes
                0x00000396       0x33 ..\obj\gpio.o
 .ARM.attributes
                0x000003c9       0x33 ..\obj\motor.o
 .ARM.attributes
                0x000003fc       0x33 ..\obj\stm32f10x_exti.o
 .ARM.attributes
                0x0000042f       0x33 ..\obj\stm32f10x_adc.o
 .ARM.attributes
                0x00000462       0x33 ..\obj\osc.o
 .ARM.attributes
                0x00000495       0x33 ..\obj\motorBldc.o
 .ARM.attributes
                0x000004c8       0x33 ..\obj\stm32f10x_usart.o
 .ARM.attributes
                0x000004fb       0x21 ..\obj\sh_cmd.o
 .ARM.attributes
                0x0000051c       0x33 ..\obj\syscalls.o
 .ARM.attributes
                0x0000054f       0x33 ..\obj\stm32f10x_flash.o
 .ARM.attributes
                0x00000582       0x33 ..\obj\adc.o
 .ARM.attributes
                0x000005b5       0x33 ..\obj\stm32f10x_dma.o
 .ARM.attributes
                0x000005e8       0x33 ..\obj\misc.o
 .ARM.attributes
                0x0000061b       0x33 ..\obj\stm32f10x_wwdg.o
 .ARM.attributes
                0x0000064e       0x33 ..\obj\stm32f10x_spi.o
 .ARM.attributes
                0x00000681       0x33 ..\obj\stm32f10x_i2c.o
 .ARM.attributes
                0x000006b4       0x33 ..\obj\stm32f10x_bkp.o
 .ARM.attributes
                0x000006e7       0x33 ..\obj\stm32f10x_iwdg.o
 .ARM.attributes
                0x0000071a       0x1d c:/program files (x86)/arm-none-eabi-gcc-4_6/bin/../lib/gcc/arm-none-eabi/4.6.2/armv7-m\libgcc.a(_arm_addsubsf3.o)
 .ARM.attributes
                0x00000737       0x1d c:/program files (x86)/arm-none-eabi-gcc-4_6/bin/../lib/gcc/arm-none-eabi/4.6.2/armv7-m\libgcc.a(_arm_muldivsf3.o)
 .ARM.attributes
                0x00000754       0x1d c:/program files (x86)/arm-none-eabi-gcc-4_6/bin/../lib/gcc/arm-none-eabi/4.6.2/armv7-m\libgcc.a(_arm_cmpsf2.o)
 .ARM.attributes
                0x00000771       0x1d c:/program files (x86)/arm-none-eabi-gcc-4_6/bin/../lib/gcc/arm-none-eabi/4.6.2/armv7-m\libgcc.a(_arm_fixunssfsi.o)
 .ARM.attributes
                0x0000078e       0x2d c:/program files (x86)/arm-none-eabi-gcc-4_6/bin/../lib/gcc/arm-none-eabi/4.6.2/../../../../arm-none-eabi/lib/armv7-m\libg.a(lib_a-memcpy.o)

.debug_frame    0x00000000     0x3b24
 .debug_frame   0x00000000      0x194 ..\obj\stm32f10x_rtc.o
 .debug_frame   0x00000194       0x70 ..\obj\semihosting.o
 .debug_frame   0x00000204       0x48 ..\obj\startup_stm32f10x_ld.o
 .debug_frame   0x0000024c      0xa20 ..\obj\stm32f10x_tim.o
 .debug_frame   0x00000c6c      0x280 ..\obj\core_cm3.o
 .debug_frame   0x00000eec       0xb4 ..\obj\motorDc.o
 .debug_frame   0x00000fa0       0x5c ..\obj\stm32f10x_dbgmcu.o
 .debug_frame   0x00000ffc       0x80 ..\obj\system_stm32f10x.o
 .debug_frame   0x0000107c      0x140 ..\obj\stm32f10x_pwr.o
 .debug_frame   0x000011bc      0x2d4 ..\obj\stm32f10x_can.o
 .debug_frame   0x00001490      0x210 ..\obj\stm32f10x_gpio.o
 .debug_frame   0x000016a0       0x7c ..\obj\milliSecTimer.o
 .debug_frame   0x0000171c       0x4c ..\obj\main.o
 .debug_frame   0x00001768       0xac ..\obj\stm32f10x_crc.o
 .debug_frame   0x00001814       0xdc ..\obj\mpwm.o
 .debug_frame   0x000018f0       0x88 ..\obj\rcPwm.o
 .debug_frame   0x00001978      0x244 ..\obj\printf.o
 .debug_frame   0x00001bbc      0x388 ..\obj\stm32f10x_rcc.o
 .debug_frame   0x00001f44       0x80 ..\obj\gpio.o
 .debug_frame   0x00001fc4       0xc4 ..\obj\motor.o
 .debug_frame   0x00002088       0xec ..\obj\stm32f10x_exti.o
 .debug_frame   0x00002174      0x400 ..\obj\stm32f10x_adc.o
 .debug_frame   0x00002574       0x84 ..\obj\osc.o
 .debug_frame   0x000025f8      0x134 ..\obj\motorBldc.o
 .debug_frame   0x0000272c      0x344 ..\obj\stm32f10x_usart.o
 .debug_frame   0x00002a70      0x108 ..\obj\syscalls.o
 .debug_frame   0x00002b78      0x338 ..\obj\stm32f10x_flash.o
 .debug_frame   0x00002eb0      0x134 ..\obj\adc.o
 .debug_frame   0x00002fe4      0x144 ..\obj\stm32f10x_dma.o
 .debug_frame   0x00003128       0x9c ..\obj\misc.o
 .debug_frame   0x000031c4       0xe4 ..\obj\stm32f10x_wwdg.o
 .debug_frame   0x000032a8      0x29c ..\obj\stm32f10x_spi.o
 .debug_frame   0x00003544      0x3b4 ..\obj\stm32f10x_i2c.o
 .debug_frame   0x000038f8      0x150 ..\obj\stm32f10x_bkp.o
 .debug_frame   0x00003a48       0xb0 ..\obj\stm32f10x_iwdg.o
 .debug_frame   0x00003af8       0x2c c:/program files (x86)/arm-none-eabi-gcc-4_6/bin/../lib/gcc/arm-none-eabi/4.6.2/../../../../arm-none-eabi/lib/armv7-m\libg.a(lib_a-memcpy.o)
